SG-031 verify log — both-runs raw (pre-change FAIL then post-change PASS).
BASE REF automation -> fafe16669718d2acb8f8f254805b6261967cdb77.

======================================================================
PRE backend: cd backend && ../venv/bin/python -m pytest tests/test_settings.py -q
======================================================================
FFFFFEE                                                                  [100%]
==================================== ERRORS ====================================
__ ERROR at setup of test_reader_resolves_override_and_records_selected_model __

tmp_path = PosixPath('/tmp/pytest-of-andrei/pytest-0/test_reader_resolves_override_0')
monkeypatch = <_pytest.monkeypatch.MonkeyPatch object at 0x74d6c755e570>

    @pytest.fixture
    def settings_env(tmp_path: Path, monkeypatch: pytest.MonkeyPatch):  # type: ignore[no-untyped-def]
        database_path = tmp_path / "settings.db"
        storage_root = tmp_path / "storage"
        storage_root.mkdir()
        engine = create_engine(
            f"sqlite:///{database_path}", connect_args={"check_same_thread": False}
        )
        Base.metadata.create_all(engine)
        factory = sessionmaker(bind=engine, autoflush=False, expire_on_commit=False)
        session: Session = factory()
        monkeypatch.setattr(settings, "storage_root", str(storage_root))
>       _clear_override()

tests/test_settings.py:88: 
_ _ _ _ _ _ _ _ _ _ _ _ _ _ _ _ _ _ _ _ _ _ _ _ _ _ _ _ _ _ _ _ _ _ _ _ _ _ _ _ 

    def _clear_override() -> None:
>       reader_mod.set_runtime_model_id(None)
        ^^^^^^^^^^^^^^^^^^^^^^^^^^^^^^^
E       AttributeError: module 'app.services.providers.reader' has no attribute 'set_runtime_model_id'

tests/test_settings.py:66: AttributeError
______ ERROR at setup of test_reader_env_default_is_used_without_override ______

tmp_path = PosixPath('/tmp/pytest-of-andrei/pytest-0/test_reader_env_default_is_use0')
monkeypatch = <_pytest.monkeypatch.MonkeyPatch object at 0x74d6c7606870>

    @pytest.fixture
    def settings_env(tmp_path: Path, monkeypatch: pytest.MonkeyPatch):  # type: ignore[no-untyped-def]
        database_path = tmp_path / "settings.db"
        storage_root = tmp_path / "storage"
        storage_root.mkdir()
        engine = create_engine(
            f"sqlite:///{database_path}", connect_args={"check_same_thread": False}
        )
        Base.metadata.create_all(engine)
        factory = sessionmaker(bind=engine, autoflush=False, expire_on_commit=False)
        session: Session = factory()
        monkeypatch.setattr(settings, "storage_root", str(storage_root))
>       _clear_override()

tests/test_settings.py:88: 
_ _ _ _ _ _ _ _ _ _ _ _ _ _ _ _ _ _ _ _ _ _ _ _ _ _ _ _ _ _ _ _ _ _ _ _ _ _ _ _ 

    def _clear_override() -> None:
>       reader_mod.set_runtime_model_id(None)
        ^^^^^^^^^^^^^^^^^^^^^^^^^^^^^^^
E       AttributeError: module 'app.services.providers.reader' has no attribute 'set_runtime_model_id'

tests/test_settings.py:66: AttributeError
=================================== FAILURES ===================================
______________ test_get_exposes_only_safe_subset_and_no_key_bytes ______________

monkeypatch = <_pytest.monkeypatch.MonkeyPatch object at 0x74d6c755c140>

    def test_get_exposes_only_safe_subset_and_no_key_bytes(
        monkeypatch: pytest.MonkeyPatch,
    ) -> None:  # type: ignore[no-untyped-def]
        monkeypatch.setattr(settings, "opencode_api_key", SENTINEL_KEY)
        monkeypatch.setattr(settings, "sg_provider_id", "fake")
        monkeypatch.setattr(settings, "sg_consent", False)
        monkeypatch.setattr(settings, "sg_prompt_category", "food")
        monkeypatch.setattr(settings, "sg_per_job_cap", None)
        monkeypatch.setattr(settings, "sg_monthly_cap", None)
>       _clear_override()

tests/test_settings.py:123: 
_ _ _ _ _ _ _ _ _ _ _ _ _ _ _ _ _ _ _ _ _ _ _ _ _ _ _ _ _ _ _ _ _ _ _ _ _ _ _ _ 

    def _clear_override() -> None:
>       reader_mod.set_runtime_model_id(None)
        ^^^^^^^^^^^^^^^^^^^^^^^^^^^^^^^
E       AttributeError: module 'app.services.providers.reader' has no attribute 'set_runtime_model_id'

tests/test_settings.py:66: AttributeError
____________ test_response_path_never_names_the_key_rule_exclusion _____________

    def test_response_path_never_names_the_key_rule_exclusion() -> None:
>       source = Path(_route_module().__file__).read_text(encoding="utf-8")
                      ^^^^^^^^^^^^^^^

tests/test_settings.py:144: 
_ _ _ _ _ _ _ _ _ _ _ _ _ _ _ _ _ _ _ _ _ _ _ _ _ _ _ _ _ _ _ _ _ _ _ _ _ _ _ _ 
tests/test_settings.py:62: in _route_module
    return importlib.import_module("app.api.v1.settings")
           ^^^^^^^^^^^^^^^^^^^^^^^^^^^^^^^^^^^^^^^^^^^^^^
/usr/lib/python3.12/importlib/__init__.py:90: in import_module
    return _bootstrap._gcd_import(name[level:], package, level)
           ^^^^^^^^^^^^^^^^^^^^^^^^^^^^^^^^^^^^^^^^^^^^^^^^^^^^
<frozen importlib._bootstrap>:1387: in _gcd_import
    ???
<frozen importlib._bootstrap>:1360: in _find_and_load
    ???
_ _ _ _ _ _ _ _ _ _ _ _ _ _ _ _ _ _ _ _ _ _ _ _ _ _ _ _ _ _ _ _ _ _ _ _ _ _ _ _ 

name = 'app.api.v1.settings', import_ = <function _gcd_import at 0x74d6cbfa40e0>

>   ???
E   ModuleNotFoundError: No module named 'app.api.v1.settings'

<frozen importlib._bootstrap>:1324: ModuleNotFoundError
____________ test_put_unknown_model_is_422_and_selection_unchanged _____________

monkeypatch = <_pytest.monkeypatch.MonkeyPatch object at 0x74d6c755d490>

    def test_put_unknown_model_is_422_and_selection_unchanged(
        monkeypatch: pytest.MonkeyPatch,
    ) -> None:  # type: ignore[no-untyped-def]
        monkeypatch.setattr(settings, "sg_model_id", ENV_DEFAULT_SENTINEL)
>       _clear_override()

tests/test_settings.py:153: 
_ _ _ _ _ _ _ _ _ _ _ _ _ _ _ _ _ _ _ _ _ _ _ _ _ _ _ _ _ _ _ _ _ _ _ _ _ _ _ _ 

    def _clear_override() -> None:
>       reader_mod.set_runtime_model_id(None)
        ^^^^^^^^^^^^^^^^^^^^^^^^^^^^^^^
E       AttributeError: module 'app.services.providers.reader' has no attribute 'set_runtime_model_id'

tests/test_settings.py:66: AttributeError
__________________ test_put_listed_model_then_get_reflects_it __________________

monkeypatch = <_pytest.monkeypatch.MonkeyPatch object at 0x74d6c755f860>

    def test_put_listed_model_then_get_reflects_it(monkeypatch: pytest.MonkeyPatch) -> None:  # type: ignore[no-untyped-def]
        monkeypatch.setattr(settings, "sg_model_id", ENV_DEFAULT_SENTINEL)
>       _clear_override()

tests/test_settings.py:164: 
_ _ _ _ _ _ _ _ _ _ _ _ _ _ _ _ _ _ _ _ _ _ _ _ _ _ _ _ _ _ _ _ _ _ _ _ _ _ _ _ 

    def _clear_override() -> None:
>       reader_mod.set_runtime_model_id(None)
        ^^^^^^^^^^^^^^^^^^^^^^^^^^^^^^^
E       AttributeError: module 'app.services.providers.reader' has no attribute 'set_runtime_model_id'

tests/test_settings.py:66: AttributeError
______________________ test_restart_resets_to_env_default ______________________

monkeypatch = <_pytest.monkeypatch.MonkeyPatch object at 0x74d6c755cd10>

    def test_restart_resets_to_env_default(monkeypatch: pytest.MonkeyPatch) -> None:  # type: ignore[no-untyped-def]
        monkeypatch.setattr(settings, "sg_model_id", ENV_DEFAULT_SENTINEL)
>       _clear_override()

tests/test_settings.py:175: 
_ _ _ _ _ _ _ _ _ _ _ _ _ _ _ _ _ _ _ _ _ _ _ _ _ _ _ _ _ _ _ _ _ _ _ _ _ _ _ _ 

    def _clear_override() -> None:
>       reader_mod.set_runtime_model_id(None)
        ^^^^^^^^^^^^^^^^^^^^^^^^^^^^^^^
E       AttributeError: module 'app.services.providers.reader' has no attribute 'set_runtime_model_id'

tests/test_settings.py:66: AttributeError
=============================== warnings summary ===============================
../venv/lib/python3.12/site-packages/fastapi/testclient.py:1
  /home/andrei/StorageGenie/venv/lib/python3.12/site-packages/fastapi/testclient.py:1: StarletteDeprecationWarning: Using `httpx` with `starlette.testclient` is deprecated; install `httpx2` instead.
    from starlette.testclient import TestClient as TestClient  # noqa

-- Docs: https://docs.pytest.org/en/stable/how-to/capture-warnings.html
=========================== short test summary info ============================
FAILED tests/test_settings.py::test_get_exposes_only_safe_subset_and_no_key_bytes
FAILED tests/test_settings.py::test_response_path_never_names_the_key_rule_exclusion
FAILED tests/test_settings.py::test_put_unknown_model_is_422_and_selection_unchanged
FAILED tests/test_settings.py::test_put_listed_model_then_get_reflects_it - A...
FAILED tests/test_settings.py::test_restart_resets_to_env_default - Attribute...
ERROR tests/test_settings.py::test_reader_resolves_override_and_records_selected_model
ERROR tests/test_settings.py::test_reader_env_default_is_used_without_override
5 failed, 1 warning, 2 errors in 0.87s

======================================================================
POST backend: cd backend && ../venv/bin/python -m pytest tests/test_settings.py -q
======================================================================
.......                                                                  [100%]
=============================== warnings summary ===============================
../venv/lib/python3.12/site-packages/fastapi/testclient.py:1
  /home/andrei/StorageGenie/venv/lib/python3.12/site-packages/fastapi/testclient.py:1: StarletteDeprecationWarning: Using `httpx` with `starlette.testclient` is deprecated; install `httpx2` instead.
    from starlette.testclient import TestClient as TestClient  # noqa

-- Docs: https://docs.pytest.org/en/stable/how-to/capture-warnings.html
7 passed, 1 warning in 0.69s

======================================================================
PRE frontend: cd frontend && ./node_modules/.bin/vitest run src/routes/SettingsPage.test.tsx
======================================================================

 RUN  v1.6.1 /home/andrei/StorageGenie/frontend

 ❯ src/routes/SettingsPage.test.tsx  (3 tests | 3 failed) 3039ms
   ❯ src/routes/SettingsPage.test.tsx > SettingsPage model picker > renders the endpoint's allowed list and the effective model
     → Unable to find a label with the text of: AI model

Ignored nodes: comments, script, style
[36m<body>[39m
  [36m<div>[39m
    [36m<div[39m
      [33mstyle[39m=[32m"padding: 24px;"[39m
    [36m>[39m
      [36m<h1>[39m
        [0mSettings[0m
      [36m</h1>[39m
      [36m<p[39m
        [33mstyle[39m=[32m"color: rgb(107, 114, 128); font-size: 13px;"[39m
      [36m>[39m
        [0mPhase 0 — household and connection settings. API base: [0m
        [0mhttp://localhost:8000[0m
      [36m</p>[39m
      [36m<div[39m
        [33mstyle[39m=[32m"margin-top: 16px;"[39m
      [36m>[39m
        [36m<button[39m
          [33mstyle[39m=[32m"padding: 6px 12px; border-radius: 6px; border: 1px solid rgb(209, 213, 219);"[39m
        [36m>[39m
          [0mClear household selection[0m
        [36m</button>[39m
      [36m</div>[39m
    [36m</div>[39m
  [36m</div>[39m
[36m</body>[39m

Ignored nodes: comments, script, style
[36m<body>[39m
  [36m<div>[39m
    [36m<div[39m
      [33mstyle[39m=[32m"padding: 24px;"[39m
    [36m>[39m
      [36m<h1>[39m
        [0mSettings[0m
      [36m</h1>[39m
      [36m<p[39m
        [33mstyle[39m=[32m"color: rgb(107, 114, 128); font-size: 13px;"[39m
      [36m>[39m
        [0mPhase 0 — household and connection settings. API base: [0m
        [0mhttp://localhost:8000[0m
      [36m</p>[39m
      [36m<div[39m
        [33mstyle[39m=[32m"margin-top: 16px;"[39m
      [36m>[39m
        [36m<button[39m
          [33mstyle[39m=[32m"padding: 6px 12px; border-radius: 6px; border: 1px solid rgb(209, 213, 219);"[39m
        [36m>[39m
          [0mClear household selection[0m
        [36m</button>[39m
      [36m</div>[39m
    [36m</div>[39m
  [36m</div>[39m
[36m</body>[39m
   ❯ src/routes/SettingsPage.test.tsx > SettingsPage model picker > selection PUTs the chosen model and refetches from the backend
     → Unable to find a label with the text of: AI model

Ignored nodes: comments, script, style
[36m<body>[39m
  [36m<div>[39m
    [36m<div[39m
      [33mstyle[39m=[32m"padding: 24px;"[39m
    [36m>[39m
      [36m<h1>[39m
        [0mSettings[0m
      [36m</h1>[39m
      [36m<p[39m
        [33mstyle[39m=[32m"color: rgb(107, 114, 128); font-size: 13px;"[39m
      [36m>[39m
        [0mPhase 0 — household and connection settings. API base: [0m
        [0mhttp://localhost:8000[0m
      [36m</p>[39m
      [36m<div[39m
        [33mstyle[39m=[32m"margin-top: 16px;"[39m
      [36m>[39m
        [36m<button[39m
          [33mstyle[39m=[32m"padding: 6px 12px; border-radius: 6px; border: 1px solid rgb(209, 213, 219);"[39m
        [36m>[39m
          [0mClear household selection[0m
        [36m</button>[39m
      [36m</div>[39m
    [36m</div>[39m
  [36m</div>[39m
[36m</body>[39m

Ignored nodes: comments, script, style
[36m<body>[39m
  [36m<div>[39m
    [36m<div[39m
      [33mstyle[39m=[32m"padding: 24px;"[39m
    [36m>[39m
      [36m<h1>[39m
        [0mSettings[0m
      [36m</h1>[39m
      [36m<p[39m
        [33mstyle[39m=[32m"color: rgb(107, 114, 128); font-size: 13px;"[39m
      [36m>[39m
        [0mPhase 0 — household and connection settings. API base: [0m
        [0mhttp://localhost:8000[0m
      [36m</p>[39m
      [36m<div[39m
        [33mstyle[39m=[32m"margin-top: 16px;"[39m
      [36m>[39m
        [36m<button[39m
          [33mstyle[39m=[32m"padding: 6px 12px; border-radius: 6px; border: 1px solid rgb(209, 213, 219);"[39m
        [36m>[39m
          [0mClear household selection[0m
        [36m</button>[39m
      [36m</div>[39m
    [36m</div>[39m
  [36m</div>[39m
[36m</body>[39m
   ❯ src/routes/SettingsPage.test.tsx > SettingsPage model picker > a rejected selection surfaces the backend error
     → Unable to find a label with the text of: AI model

Ignored nodes: comments, script, style
[36m<body>[39m
  [36m<div>[39m
    [36m<div[39m
      [33mstyle[39m=[32m"padding: 24px;"[39m
    [36m>[39m
      [36m<h1>[39m
        [0mSettings[0m
      [36m</h1>[39m
      [36m<p[39m
        [33mstyle[39m=[32m"color: rgb(107, 114, 128); font-size: 13px;"[39m
      [36m>[39m
        [0mPhase 0 — household and connection settings. API base: [0m
        [0mhttp://localhost:8000[0m
      [36m</p>[39m
      [36m<div[39m
        [33mstyle[39m=[32m"margin-top: 16px;"[39m
      [36m>[39m
        [36m<button[39m
          [33mstyle[39m=[32m"padding: 6px 12px; border-radius: 6px; border: 1px solid rgb(209, 213, 219);"[39m
        [36m>[39m
          [0mClear household selection[0m
        [36m</button>[39m
      [36m</div>[39m
    [36m</div>[39m
  [36m</div>[39m
[36m</body>[39m

Ignored nodes: comments, script, style
[36m<body>[39m
  [36m<div>[39m
    [36m<div[39m
      [33mstyle[39m=[32m"padding: 24px;"[39m
    [36m>[39m
      [36m<h1>[39m
        [0mSettings[0m
      [36m</h1>[39m
      [36m<p[39m
        [33mstyle[39m=[32m"color: rgb(107, 114, 128); font-size: 13px;"[39m
      [36m>[39m
        [0mPhase 0 — household and connection settings. API base: [0m
        [0mhttp://localhost:8000[0m
      [36m</p>[39m
      [36m<div[39m
        [33mstyle[39m=[32m"margin-top: 16px;"[39m
      [36m>[39m
        [36m<button[39m
          [33mstyle[39m=[32m"padding: 6px 12px; border-radius: 6px; border: 1px solid rgb(209, 213, 219);"[39m
        [36m>[39m
          [0mClear household selection[0m
        [36m</button>[39m
      [36m</div>[39m
    [36m</div>[39m
  [36m</div>[39m
[36m</body>[39m

⎯⎯⎯⎯⎯⎯⎯ Failed Tests 3 ⎯⎯⎯⎯⎯⎯⎯

 FAIL  src/routes/SettingsPage.test.tsx > SettingsPage model picker > renders the endpoint's allowed list and the effective model
TestingLibraryElementError: Unable to find a label with the text of: AI model

Ignored nodes: comments, script, style
[36m<body>[39m
  [36m<div>[39m
    [36m<div[39m
      [33mstyle[39m=[32m"padding: 24px;"[39m
    [36m>[39m
      [36m<h1>[39m
        [0mSettings[0m
      [36m</h1>[39m
      [36m<p[39m
        [33mstyle[39m=[32m"color: rgb(107, 114, 128); font-size: 13px;"[39m
      [36m>[39m
        [0mPhase 0 — household and connection settings. API base: [0m
        [0mhttp://localhost:8000[0m
      [36m</p>[39m
      [36m<div[39m
        [33mstyle[39m=[32m"margin-top: 16px;"[39m
      [36m>[39m
        [36m<button[39m
          [33mstyle[39m=[32m"padding: 6px 12px; border-radius: 6px; border: 1px solid rgb(209, 213, 219);"[39m
        [36m>[39m
          [0mClear household selection[0m
        [36m</button>[39m
      [36m</div>[39m
    [36m</div>[39m
  [36m</div>[39m
[36m</body>[39m

Ignored nodes: comments, script, style
[36m<body>[39m
  [36m<div>[39m
    [36m<div[39m
      [33mstyle[39m=[32m"padding: 24px;"[39m
    [36m>[39m
      [36m<h1>[39m
        [0mSettings[0m
      [36m</h1>[39m
      [36m<p[39m
        [33mstyle[39m=[32m"color: rgb(107, 114, 128); font-size: 13px;"[39m
      [36m>[39m
        [0mPhase 0 — household and connection settings. API base: [0m
        [0mhttp://localhost:8000[0m
      [36m</p>[39m
      [36m<div[39m
        [33mstyle[39m=[32m"margin-top: 16px;"[39m
      [36m>[39m
        [36m<button[39m
          [33mstyle[39m=[32m"padding: 6px 12px; border-radius: 6px; border: 1px solid rgb(209, 213, 219);"[39m
        [36m>[39m
          [0mClear household selection[0m
        [36m</button>[39m
      [36m</div>[39m
    [36m</div>[39m
  [36m</div>[39m
[36m</body>[39m
 ❯ waitForWrapper node_modules/@testing-library/dom/dist/wait-for.js:163:27
 ❯ node_modules/@testing-library/dom/dist/query-helpers.js:86:33
 ❯ src/routes/SettingsPage.test.tsx:40:34
     38|     api.fetchAiSettings.mockResolvedValue(settings);
     39|     renderPage();
     40|     const select = (await screen.findByLabelText("AI model")) as HTMLS…
       |                                  ^
     41|     await screen.findByRole("option", { name: settings.model_id });
     42|     const optionValues = Array.from(select.querySelectorAll("option"))…

⎯⎯⎯⎯⎯⎯⎯⎯⎯⎯⎯⎯⎯⎯⎯⎯⎯⎯⎯⎯⎯⎯⎯⎯[1/3]⎯

 FAIL  src/routes/SettingsPage.test.tsx > SettingsPage model picker > selection PUTs the chosen model and refetches from the backend
TestingLibraryElementError: Unable to find a label with the text of: AI model

Ignored nodes: comments, script, style
[36m<body>[39m
  [36m<div>[39m
    [36m<div[39m
      [33mstyle[39m=[32m"padding: 24px;"[39m
    [36m>[39m
      [36m<h1>[39m
        [0mSettings[0m
      [36m</h1>[39m
      [36m<p[39m
        [33mstyle[39m=[32m"color: rgb(107, 114, 128); font-size: 13px;"[39m
      [36m>[39m
        [0mPhase 0 — household and connection settings. API base: [0m
        [0mhttp://localhost:8000[0m
      [36m</p>[39m
      [36m<div[39m
        [33mstyle[39m=[32m"margin-top: 16px;"[39m
      [36m>[39m
        [36m<button[39m
          [33mstyle[39m=[32m"padding: 6px 12px; border-radius: 6px; border: 1px solid rgb(209, 213, 219);"[39m
        [36m>[39m
          [0mClear household selection[0m
        [36m</button>[39m
      [36m</div>[39m
    [36m</div>[39m
  [36m</div>[39m
[36m</body>[39m

Ignored nodes: comments, script, style
[36m<body>[39m
  [36m<div>[39m
    [36m<div[39m
      [33mstyle[39m=[32m"padding: 24px;"[39m
    [36m>[39m
      [36m<h1>[39m
        [0mSettings[0m
      [36m</h1>[39m
      [36m<p[39m
        [33mstyle[39m=[32m"color: rgb(107, 114, 128); font-size: 13px;"[39m
      [36m>[39m
        [0mPhase 0 — household and connection settings. API base: [0m
        [0mhttp://localhost:8000[0m
      [36m</p>[39m
      [36m<div[39m
        [33mstyle[39m=[32m"margin-top: 16px;"[39m
      [36m>[39m
        [36m<button[39m
          [33mstyle[39m=[32m"padding: 6px 12px; border-radius: 6px; border: 1px solid rgb(209, 213, 219);"[39m
        [36m>[39m
          [0mClear household selection[0m
        [36m</button>[39m
      [36m</div>[39m
    [36m</div>[39m
  [36m</div>[39m
[36m</body>[39m
 ❯ waitForWrapper node_modules/@testing-library/dom/dist/wait-for.js:163:27
 ❯ node_modules/@testing-library/dom/dist/query-helpers.js:86:33
 ❯ src/routes/SettingsPage.test.tsx:53:34
     51|     api.updateAiModel.mockResolvedValue({ ...settings, model_id: "visi…
     52|     renderPage();
     53|     const select = (await screen.findByLabelText("AI model")) as HTMLS…
       |                                  ^
     54|     await screen.findByRole("option", { name: "vision-second-model" });
     55|     fireEvent.change(select, { target: { value: "vision-second-model" …

⎯⎯⎯⎯⎯⎯⎯⎯⎯⎯⎯⎯⎯⎯⎯⎯⎯⎯⎯⎯⎯⎯⎯⎯[2/3]⎯

 FAIL  src/routes/SettingsPage.test.tsx > SettingsPage model picker > a rejected selection surfaces the backend error
TestingLibraryElementError: Unable to find a label with the text of: AI model

Ignored nodes: comments, script, style
[36m<body>[39m
  [36m<div>[39m
    [36m<div[39m
      [33mstyle[39m=[32m"padding: 24px;"[39m
    [36m>[39m
      [36m<h1>[39m
        [0mSettings[0m
      [36m</h1>[39m
      [36m<p[39m
        [33mstyle[39m=[32m"color: rgb(107, 114, 128); font-size: 13px;"[39m
      [36m>[39m
        [0mPhase 0 — household and connection settings. API base: [0m
        [0mhttp://localhost:8000[0m
      [36m</p>[39m
      [36m<div[39m
        [33mstyle[39m=[32m"margin-top: 16px;"[39m
      [36m>[39m
        [36m<button[39m
          [33mstyle[39m=[32m"padding: 6px 12px; border-radius: 6px; border: 1px solid rgb(209, 213, 219);"[39m
        [36m>[39m
          [0mClear household selection[0m
        [36m</button>[39m
      [36m</div>[39m
    [36m</div>[39m
  [36m</div>[39m
[36m</body>[39m

Ignored nodes: comments, script, style
[36m<body>[39m
  [36m<div>[39m
    [36m<div[39m
      [33mstyle[39m=[32m"padding: 24px;"[39m
    [36m>[39m
      [36m<h1>[39m
        [0mSettings[0m
      [36m</h1>[39m
      [36m<p[39m
        [33mstyle[39m=[32m"color: rgb(107, 114, 128); font-size: 13px;"[39m
      [36m>[39m
        [0mPhase 0 — household and connection settings. API base: [0m
        [0mhttp://localhost:8000[0m
      [36m</p>[39m
      [36m<div[39m
        [33mstyle[39m=[32m"margin-top: 16px;"[39m
      [36m>[39m
        [36m<button[39m
          [33mstyle[39m=[32m"padding: 6px 12px; border-radius: 6px; border: 1px solid rgb(209, 213, 219);"[39m
        [36m>[39m
          [0mClear household selection[0m
        [36m</button>[39m
      [36m</div>[39m
    [36m</div>[39m
  [36m</div>[39m
[36m</body>[39m
 ❯ waitForWrapper node_modules/@testing-library/dom/dist/wait-for.js:163:27
 ❯ node_modules/@testing-library/dom/dist/query-helpers.js:86:33
 ❯ src/routes/SettingsPage.test.tsx:69:34
     67|     api.updateAiModel.mockRejectedValue(new Error("unsupported model i…
     68|     renderPage();
     69|     const select = (await screen.findByLabelText("AI model")) as HTMLS…
       |                                  ^
     70|     await screen.findByRole("option", { name: "vision-second-model" });
     71|     fireEvent.change(select, { target: { value: "vision-second-model" …

⎯⎯⎯⎯⎯⎯⎯⎯⎯⎯⎯⎯⎯⎯⎯⎯⎯⎯⎯⎯⎯⎯⎯⎯[3/3]⎯

 Test Files  1 failed (1)
      Tests  3 failed (3)
   Start at  09:49:58
   Duration  3.59s (transform 47ms, setup 39ms, collect 84ms, tests 3.04s, environment 243ms, prepare 48ms)


======================================================================
POST frontend: cd frontend && ./node_modules/.bin/vitest run src/routes/SettingsPage.test.tsx
======================================================================

 RUN  v1.6.1 /home/andrei/StorageGenie/frontend

 ✓ src/routes/SettingsPage.test.tsx  (3 tests) 112ms

 Test Files  1 passed (1)
      Tests  3 passed (3)
   Start at  09:50:04
   Duration  679ms (transform 47ms, setup 36ms, collect 90ms, tests 112ms, environment 239ms, prepare 48ms)


======================================================================
FULL backend suite: cd backend && ../venv/bin/python -m pytest -q
======================================================================
........................................................................ [ 58%]
............................................FF.....                      [100%]
=================================== FAILURES ===================================
___ test_generated_codes_are_validated_and_bad_checksum_is_not_an_identifier ___

isolated_db = (<sqlalchemy.orm.session.Session object at 0x79c84e309b50>, '01a09f53-212b-7803-9ef2-1f9ee675cc36', PosixPath('/tmp/pytest-of-andrei/pytest-3/test_generated_codes_are_valid0/storage'))

    def test_generated_codes_are_validated_and_bad_checksum_is_not_an_identifier(isolated_db) -> None:  # type: ignore[no-untyped-def]
        session, household_id, root = isolated_db
        qr_value = "https://example.test/SG-013"
        qr_image = qrcode.make(qr_value).convert("RGB")
        qr = _evidence(session, household_id, root, _png(qr_image), "qr.png", "image/png")
        ean_image, ean_value = _ean13_image("590123412345")
        ean = _evidence(session, household_id, root, _png(ean_image), "ean.png", "image/png")
        # Deliberately render a syntactically valid EAN with the wrong check digit.
        bad_value = ean_value[:-1] + ("0" if ean_value[-1] != "0" else "1")
        bad_image, _ = _ean13_image(ean_value[:-1], bad_value[-1])
        bad = _evidence(session, household_id, root, _png(bad_image), "bad.png", "image/png")
    
        qr_rows = signals.extract_observations(qr.id, session)
        ean_rows = signals.extract_observations(ean.id, session)
        bad_rows = signals.extract_observations(bad.id, session)
    
        qr_values = [json.loads(row.value_json) for row in qr_rows if row.kind == "barcode_qr"]
        ean_values = [json.loads(row.value_json) for row in ean_rows if row.kind == "barcode_qr"]
        bad_values = [json.loads(row.value_json) for row in bad_rows if row.kind == "barcode_qr"]
>       assert any(item.get("value") == qr_value and item["validated"] for item in qr_values)
E       assert False
E        +  where False = any(<generator object test_generated_codes_are_validated_and_bad_checksum_is_not_an_identifier.<locals>.<genexpr> at 0x79c84e36e960>)

tests/test_signals.py:136: AssertionError
_________________ test_ocr_has_text_boxes_and_mean_confidence __________________

isolated_db = (<sqlalchemy.orm.session.Session object at 0x79c84e4cd850>, '01a09f53-2185-7d01-ad92-05d33b569dd9', PosixPath('/tmp/pytest-of-andrei/pytest-3/test_ocr_has_text_boxes_and_me0/storage'))

    def test_ocr_has_text_boxes_and_mean_confidence(isolated_db) -> None:  # type: ignore[no-untyped-def]
        session, household_id, root = isolated_db
        evidence = _evidence(session, household_id, root, _png(_text_image()), "text.png", "image/png")
        rows = signals.extract_observations(evidence.id, session)
        ocr = [json.loads(row.value_json) for row in rows if row.kind == "ocr"]
>       assert ocr
E       assert []

tests/test_signals.py:148: AssertionError
=============================== warnings summary ===============================
../venv/lib/python3.12/site-packages/fastapi/testclient.py:1
  /home/andrei/StorageGenie/venv/lib/python3.12/site-packages/fastapi/testclient.py:1: StarletteDeprecationWarning: Using `httpx` with `starlette.testclient` is deprecated; install `httpx2` instead.
    from starlette.testclient import TestClient as TestClient  # noqa

tests/test_candidates.py::test_candidate_migration_upgrade_downgrade_upgrade
tests/test_candidates.py::test_candidate_migration_upgrade_downgrade_upgrade
tests/test_candidates.py::test_candidate_migration_upgrade_downgrade_upgrade
tests/test_search.py::test_fts_migration_upgrade_downgrade_upgrade
tests/test_search.py::test_fts_migration_upgrade_downgrade_upgrade
tests/test_search.py::test_fts_migration_upgrade_downgrade_upgrade
tests/test_signals.py::test_observation_migration_upgrade_downgrade_upgrade
tests/test_signals.py::test_observation_migration_upgrade_downgrade_upgrade
tests/test_signals.py::test_observation_migration_upgrade_downgrade_upgrade
  /home/andrei/StorageGenie/venv/lib/python3.12/site-packages/alembic/config.py:604: DeprecationWarning: No path_separator found in configuration; falling back to legacy splitting on spaces, commas, and colons for prepend_sys_path.  Consider adding path_separator=os to Alembic config.
    util.warn_deprecated(

-- Docs: https://docs.pytest.org/en/stable/how-to/capture-warnings.html
=========================== short test summary info ============================
FAILED tests/test_signals.py::test_generated_codes_are_validated_and_bad_checksum_is_not_an_identifier
FAILED tests/test_signals.py::test_ocr_has_text_boxes_and_mean_confidence - a...
2 failed, 121 passed, 10 warnings in 7.91s

======================================================================
BASE fafe166 decoder reds (same 2 tests) — base proof, not inherited
======================================================================
FF                                                                       [100%]
=================================== FAILURES ===================================
___ test_generated_codes_are_validated_and_bad_checksum_is_not_an_identifier ___

isolated_db = (<sqlalchemy.orm.session.Session object at 0x755f1b2135c0>, '01a09f54-13c0-71a2-9ec9-a5a212f05361', PosixPath('/tmp/pytest-of-andrei/pytest-5/test_generated_codes_are_valid0/storage'))

    def test_generated_codes_are_validated_and_bad_checksum_is_not_an_identifier(isolated_db) -> None:  # type: ignore[no-untyped-def]
        session, household_id, root = isolated_db
        qr_value = "https://example.test/SG-013"
        qr_image = qrcode.make(qr_value).convert("RGB")
        qr = _evidence(session, household_id, root, _png(qr_image), "qr.png", "image/png")
        ean_image, ean_value = _ean13_image("590123412345")
        ean = _evidence(session, household_id, root, _png(ean_image), "ean.png", "image/png")
        # Deliberately render a syntactically valid EAN with the wrong check digit.
        bad_value = ean_value[:-1] + ("0" if ean_value[-1] != "0" else "1")
        bad_image, _ = _ean13_image(ean_value[:-1], bad_value[-1])
        bad = _evidence(session, household_id, root, _png(bad_image), "bad.png", "image/png")
    
        qr_rows = signals.extract_observations(qr.id, session)
        ean_rows = signals.extract_observations(ean.id, session)
        bad_rows = signals.extract_observations(bad.id, session)
    
        qr_values = [json.loads(row.value_json) for row in qr_rows if row.kind == "barcode_qr"]
        ean_values = [json.loads(row.value_json) for row in ean_rows if row.kind == "barcode_qr"]
        bad_values = [json.loads(row.value_json) for row in bad_rows if row.kind == "barcode_qr"]
>       assert any(item.get("value") == qr_value and item["validated"] for item in qr_values)
E       assert False
E        +  where False = any(<generator object test_generated_codes_are_validated_and_bad_checksum_is_not_an_identifier.<locals>.<genexpr> at 0x755f1afd3060>)

tests/test_signals.py:136: AssertionError
------------------------------ Captured log call -------------------------------
WARNING  app.services.signals:signals.py:104 Barcode extraction unavailable: pyzbar/libzbar is not installed
WARNING  app.services.signals:signals.py:210 OCR extraction unavailable: pytesseract is not installed
WARNING  app.services.signals:signals.py:104 Barcode extraction unavailable: pyzbar/libzbar is not installed
WARNING  app.services.signals:signals.py:210 OCR extraction unavailable: pytesseract is not installed
WARNING  app.services.signals:signals.py:104 Barcode extraction unavailable: pyzbar/libzbar is not installed
WARNING  app.services.signals:signals.py:210 OCR extraction unavailable: pytesseract is not installed
_________________ test_ocr_has_text_boxes_and_mean_confidence __________________

isolated_db = (<sqlalchemy.orm.session.Session object at 0x755f1b0f56a0>, '01a09f54-141d-7da1-b77a-1609d579f7b6', PosixPath('/tmp/pytest-of-andrei/pytest-5/test_ocr_has_text_boxes_and_me0/storage'))

    def test_ocr_has_text_boxes_and_mean_confidence(isolated_db) -> None:  # type: ignore[no-untyped-def]
        session, household_id, root = isolated_db
        evidence = _evidence(session, household_id, root, _png(_text_image()), "text.png", "image/png")
        rows = signals.extract_observations(evidence.id, session)
        ocr = [json.loads(row.value_json) for row in rows if row.kind == "ocr"]
>       assert ocr
E       assert []

tests/test_signals.py:148: AssertionError
------------------------------ Captured log call -------------------------------
WARNING  app.services.signals:signals.py:104 Barcode extraction unavailable: pyzbar/libzbar is not installed
WARNING  app.services.signals:signals.py:210 OCR extraction unavailable: pytesseract is not installed
=========================== short test summary info ============================
FAILED tests/test_signals.py::test_generated_codes_are_validated_and_bad_checksum_is_not_an_identifier
FAILED tests/test_signals.py::test_ocr_has_text_boxes_and_mean_confidence - a...
2 failed in 0.51s

======================================================================
RUFF: cd backend && ../venv/bin/python -m ruff check app tests
======================================================================
All checks passed!

======================================================================
MYPY: cd backend && ../venv/bin/python -m mypy app
======================================================================
app/schemas/asset.py:53: error: Missing type arguments for generic type "dict"  [type-arg]
app/schemas/asset.py:55: error: Missing type arguments for generic type "dict"  [type-arg]
app/models/base.py:8: error: Unused "type: ignore" comment  [unused-ignore]
app/services/audit_service.py:16: error: Missing type arguments for generic type "dict"  [type-arg]
app/services/audit_service.py:17: error: Missing type arguments for generic type "dict"  [type-arg]
app/services/asset_service.py:15: error: Missing type arguments for generic type "dict"  [type-arg]
app/services/asset_service.py:72: error: Missing type arguments for generic type "dict"  [type-arg]
app/api/v1/review_tasks.py:17: error: Function is missing a return type annotation  [no-untyped-def]
app/api/v1/review_tasks.py:21: error: Unused "type: ignore" comment  [unused-ignore]
app/api/v1/review_tasks.py:22: error: Unused "type: ignore" comment  [unused-ignore]
app/api/v1/review_tasks.py:62: error: Function is missing a return type annotation  [no-untyped-def]
app/api/v1/review_tasks.py:66: error: Unused "type: ignore" comment  [unused-ignore]
app/api/v1/review_tasks.py:67: error: Unused "type: ignore" comment  [unused-ignore]
app/api/v1/households.py:18: error: Function is missing a return type annotation  [no-untyped-def]
app/api/v1/households.py:20: error: Unused "type: ignore" comment  [unused-ignore]
app/api/v1/households.py:22: error: Unused "type: ignore" comment  [unused-ignore]
app/api/v1/households.py:58: error: Function is missing a return type annotation  [no-untyped-def]
app/api/v1/households.py:59: error: Unused "type: ignore" comment  [unused-ignore]
app/api/v1/households.py:60: error: Unused "type: ignore" comment  [unused-ignore]
app/api/v1/evidence.py:19: error: Function is missing a return type annotation  [no-untyped-def]
app/api/v1/evidence.py:20: error: Unused "type: ignore" comment  [unused-ignore]
app/api/v1/evidence.py:22: error: Unused "type: ignore" comment  [unused-ignore]
app/api/v1/evidence.py:24: error: Unused "type: ignore" comment  [unused-ignore]
app/api/v1/assets.py:22: error: Function is missing a return type annotation  [no-untyped-def]
app/api/v1/assets.py:25: error: Unused "type: ignore" comment  [unused-ignore]
app/api/v1/assets.py:27: error: Unused "type: ignore" comment  [unused-ignore]
app/api/v1/assets.py:52: error: Unused "type: ignore" comment  [unused-ignore]
app/api/v1/assets.py:52: error: Missing type arguments for generic type "dict"  [type-arg]
app/api/v1/assets.py:52: note: Error code "type-arg" not covered by "type: ignore[no-untyped-def]" comment
app/api/v1/assets.py:120: error: Function is missing a return type annotation  [no-untyped-def]
app/api/v1/assets.py:128: error: Unused "type: ignore" comment  [unused-ignore]
app/api/v1/assets.py:129: error: Unused "type: ignore" comment  [unused-ignore]
app/api/v1/assets.py:203: error: Function is missing a return type annotation  [no-untyped-def]
app/api/v1/assets.py:207: error: Unused "type: ignore" comment  [unused-ignore]
app/api/v1/assets.py:209: error: Unused "type: ignore" comment  [unused-ignore]
app/api/v1/assets.py:259: error: Function is missing a return type annotation  [no-untyped-def]
app/api/v1/assets.py:261: error: Missing type arguments for generic type "dict"  [type-arg]
app/api/v1/assets.py:263: error: Unused "type: ignore" comment  [unused-ignore]
app/api/v1/assets.py:264: error: Unused "type: ignore" comment  [unused-ignore]
app/main.py:40: error: Unused "type: ignore" comment  [unused-ignore]
app/main.py:46: error: Unused "type: ignore" comment  [unused-ignore]
Found 40 errors in 9 files (checked 60 source files)

======================================================================
BUILD: cd frontend && npm run build
======================================================================

> storagegenie-frontend@0.1.0 build
> tsc && vite build

vite v5.4.21 building for production...
transforming...
✓ 93 modules transformed.
rendering chunks...
computing gzip size...
dist/index.html                  0.32 kB │ gzip:  0.24 kB
dist/assets/index-KZWDyUep.js  241.09 kB │ gzip: 74.53 kB
✓ built in 846ms

======================================================================
VITEST FULL: cd frontend && ./node_modules/.bin/vitest run
======================================================================

 RUN  v1.6.1 /home/andrei/StorageGenie/frontend

stderr | src/routes/ReviewPage.test.tsx > ReviewPage > posts every decision with the loaded candidate id and supports keyboard actions
⚠️ React Router Future Flag Warning: React Router will begin wrapping state updates in `React.startTransition` in v7. You can use the `v7_startTransition` future flag to opt-in early. For more information, see https://reactrouter.com/v6/upgrading/future#v7_starttransition.
⚠️ React Router Future Flag Warning: Relative route resolution within Splat routes is changing in v7. You can use the `v7_relativeSplatPath` future flag to opt-in early. For more information, see https://reactrouter.com/v6/upgrading/future#v7_relativesplatpath.

stderr | src/routes/InboxPage.test.tsx > InboxPage > renders failed loaded job detail and retries that loaded id
⚠️ React Router Future Flag Warning: React Router will begin wrapping state updates in `React.startTransition` in v7. You can use the `v7_startTransition` future flag to opt-in early. For more information, see https://reactrouter.com/v6/upgrading/future#v7_starttransition.
⚠️ React Router Future Flag Warning: Relative route resolution within Splat routes is changing in v7. You can use the `v7_relativeSplatPath` future flag to opt-in early. For more information, see https://reactrouter.com/v6/upgrading/future#v7_relativesplatpath.

 ✓ src/components/CandidateCard.test.tsx  (3 tests) 99ms
 ✓ src/components/ExpiryEntryForm.test.tsx  (2 tests) 96ms
 ✓ src/routes/SettingsPage.test.tsx  (3 tests) 177ms
 ✓ src/routes/ReviewPage.test.tsx  (2 tests) 209ms
 ✓ src/routes/InboxPage.test.tsx  (4 tests) 314ms
 ✓ src/components/JobCard.test.tsx  (1 test) 34ms
 ✓ src/components/ProvenanceBadge.test.tsx  (3 tests) 33ms
 ✓ src/api/client.test.ts  (3 tests) 10ms
stderr | src/components/AssetCard.test.tsx > AssetCard > renders display_name and type
⚠️ React Router Future Flag Warning: React Router will begin wrapping state updates in `React.startTransition` in v7. You can use the `v7_startTransition` future flag to opt-in early. For more information, see https://reactrouter.com/v6/upgrading/future#v7_starttransition.
⚠️ React Router Future Flag Warning: Relative route resolution within Splat routes is changing in v7. You can use the `v7_relativeSplatPath` future flag to opt-in early. For more information, see https://reactrouter.com/v6/upgrading/future#v7_relativesplatpath.

 ✓ src/components/AssetCard.test.tsx  (1 test) 50ms

 Test Files  9 passed (9)
      Tests  22 passed (22)
   Start at  09:50:54
   Duration  1.51s (transform 311ms, setup 291ms, collect 843ms, tests 1.02s, environment 2.50s, prepare 710ms)


======================================================================
SECRET SCAN
======================================================================
worktree-wide real-key-shape scan: 0
tracked sk- regex hits (desk-/risk- false positives): 4
.env tracked: 0

======================================================================
HEALTH PROBE (CO-92)
======================================================================
## health probe start (CO-92)
$ curl -s -m 5 http://localhost:8003/v1/health
 (exit=7)
$ ss -ltnp | grep -E ':(8000|8003|5173)'
LISTEN 0      4096       127.0.0.1:8000       0.0.0.0:*                                                 
$ docker compose ps
NAME      IMAGE     COMMAND   SERVICE   CREATED   STATUS    PORTS
$ curl -s -m 5 http://localhost:8000/v1/health
Not Found (exit=0)
