SG-069 verify log — raw curl / health / bundle / docker / alembic outputs (uncondensed)
host: 87.106.66.242 (andrei) · work dir: /home/andrei/StorageGenie
live clock at first read: 2026-09-17T19:43:33Z (process start, from `ps -eo pid,lstart,args`)
contract: 0.28.2 · source path /home/andrei/storagegenie-contract/VERSION
RULES.md sha256 a66aa4313d62cebff8b44f10299928288e05dc4d7c45f4f4e83e0bbd954c131d == payload RULES.sha256
coder: opencode · effort: medium (process argv `--variant medium`) · model: unknown (CLI default; no --model on argv, per policy)
BASE (start HEAD) == origin/automation == 37aaf881d0b3d0f27ce060121f61a061c653cd28
WORK_HEAD: see SG-069_report.md (filled by the docs-only receipt follow-up commit)

================================================================================
SECTION 0 — STARTING TREE (BASE)
================================================================================
$ git status --porcelain=v1 -b
## automation...origin/automation
$ git rev-parse HEAD
37aaf881d0b3d0f27ce060121f61a061c653cd28
$ git rev-parse origin/automation
37aaf881d0b3d0f27ce060121f61a061c653cd28
$ git remote -v
origin  git@github.com:Andovol/StorageGenie.git (fetch)
origin  git@github.com:Andovol/StorageGenie.git (push)
$ git branch --show-current
automation
$ git merge-base --is-ancestor 8747cd2 HEAD && echo yes
yes

NOTE (packet premise confirmed): the packet's "work sits at 8747cd2" is an ancestor of BASE; BASE is the
later D87 packet commit 37aaf88. Both map to origin/automation.
NOTE (docker surface): compose has ONE default-profile service (backend); frontend service is under
profile "dev" and its container is exited (6 days ago). The public bundle is baked into the backend image
by backend/Dockerfile's multi-stage frontend-build stage -> backend/static. So rebuilding + recreating
the backend service is what changes the served bundle.

================================================================================
SECTION 1 — PRE-CHANGE CAPTURES (failure legs, before the build)
================================================================================
=== PRE health ===
{"status":"ok","db":"ok","storage":"ok"} [HTTP 200]

=== PRE served index / bundle (packet-expected SG-067 record) ===
index-BHr__-9L.js
bundle HTTP 200 bytes=294066
b1638c8059988d7e957db2b653bd3ab8ec3f775d830e859d143aa6400a2e8d42  pre_bundle.js
(PACKET PREMISE CONFIRMED: bundle name, sha256 and byte size all match the SG-067 measured record exactly.)

=== PRE container/image ===
id=5af43e43de114fc9afb49ce1c3f7571eefedb3c4beb7fc5a996cc7aa11b1911c
image=sha256:74437f8d455378c3c2e5fad59def246de3dbdf56020b13d31a1921e92c5e0c41
restarts=0 health=healthy started=2026-09-17T19:17:11.391394369Z

=== PRE saved-searches discriminator (route absent in the old image) ===
$ curl -s -w '\n[HTTP %{http_code}]\n' "http://127.0.0.1:8003/v1/saved-searches?household_id=01a0a029-1477-7ca0-b200-bce78a96c679"
{"type":"about:blank","title":"Not Found","status":404,"detail":"Not Found: /v1/saved-searches"}
[HTTP 404]
$ curl -s -w '\n[HTTP %{http_code}]\n' "http://127.0.0.1:8003/v1/assets/saved-searches?household_id=01a0a029-1477-7ca0-b200-bce78a96c679"
{"type":"about:blank","title":"Not Found","status":404,"detail":"Asset not found"}
[HTTP 404]
(both 404; the correct route /v1/saved-searches answers "Not Found: /v1/saved-searches"; the /v1/assets
form falls through to the assets handler.)

=== PRE facets (already live — sanity, not the discriminator) ===
{"asset_type":{"unknown":1},"status":{"ACTIVE":1},"has_evidence":{"with":1,"without":0}}
[HTTP 200]

=== PRE gate (loopback Host-header, unauthenticated) ===
[HTTP 401]

=== PRE ss (loopback-only binding) ===
LISTEN 0      4096       127.0.0.1:8003       0.0.0.0:*    users:(("rootlesskit",pid=3814163,fd=32))

=== PRE alembic current (in-container, read-only) — FINDING ===
$ docker exec storagegenie-backend-1 sh -lc 'cd /app && alembic current'
INFO  [alembic.runtime.migration] Context impl SQLiteImpl.
INFO  [alembic.runtime.migration] Will assume non-transactional DDL.
ERROR [alembic.util.messaging] Can't locate revision identified by '20260917_sg068_saved_search'
FAILED: Can't locate revision identified by '20260917_sg068_saved_search'
(PACKET PREMISE DIFFERS: the packet expected `alembic current` to read the head BEFORE. It cannot — the
old image predates SG-068's revision file, so it cannot resolve the version stored in the DB. See F-SG069-1.)

=== PRE authoritative DB head (read-only direct sqlite, mode=ro) ===
$ docker exec storagegenie-backend-1 python -c "import sqlite3;c=sqlite3.connect('file:/data/db/storagegenie.db?mode=ro',uri=True);print(c.execute('select version_num from alembic_version').fetchall());print('saved_search rows=',c.execute('select count(*) from saved_search').fetchone()[0])"
[('20260917_sg068_saved_search',)]
saved_search rows= 0
(Confirms the D85 live migrate: DB is AT head, 0 rows. The table exists in the DB; only the old image's
code lacks the revision script.)

================================================================================
SECTION 2 — G1 BUILD (BUILDX_CONFIG relocation; accepted SG-067 precedent)
================================================================================
$ touch /home/andrei/.docker/buildx/activity/.wtest   -> Failed ("Read-only file system")
default ~/.docker NOT writable -> relocating BUILDX_CONFIG (F-SG067-2 precedent; no privilege probing)
BUILDX_CONFIG=/tmp/opencode/buildx-sg069

=== BUILD START 2026-09-17T19:44:07Z ===
 Image storagegenie-backend Building
#1 [internal] load local bake definitions
#1 reading from stdin 607B done
#1 DONE 0.0s
#2 [internal] load build definition from Dockerfile
#2 transferring dockerfile: 1.06kB done
#2 DONE 0.0s
#3 [internal] load metadata for docker.io/library/python:3.12.11-slim-bookworm@sha256:519591d... 0.7s
#4 [internal] load metadata for docker.io/library/node:20-alpine 0.7s
#5 [internal] load .dockerignore 497B done
#6 [stage-1 1/9] FROM python:3.12.11-slim-bookworm DONE 0.0s
#7 [frontend-build 1/6] FROM node:20-alpine DONE 0.0s
#8 [internal] load build context 161.08MB 1.0s done
#9  [frontend-build 3/6] COPY frontend/package.json frontend/package-lock.json  CACHED
#10 [frontend-build 2/6] WORKDIR /ui CACHED
#11 [stage-1 2/9] WORKDIR /app CACHED
#12 [stage-1 3/9] RUN apt-get ... tesseract-ocr libzbar0  CACHED
#13 [stage-1 4/9] COPY backend/pyproject.toml backend/requirements.lock  CACHED
#14 [frontend-build 4/6] RUN npm ci  CACHED
#15 [stage-1 5/9] RUN pip install --no-cache-dir -r requirements.lock  CACHED
#16 [stage-1 6/9] COPY backend/ ./  DONE 0.7s
#17 [frontend-build 5/6] COPY frontend/ ./  DONE 0.5s
#18 [frontend-build 6/6] RUN npm run build
#18 7.332 dist/index.html                   0.94 kB │ gzip:  0.48 kB
#18 7.332 dist/assets/index-DxKo-z_g.css    2.65 kB │ gzip:  0.82 kB
#18 7.332 dist/assets/index-CVg0y-4w.js   296.66 kB │ gzip: 88.27 kB
#18 7.332 ✓ built in 2.34s
#18 DONE 7.4s
#19 [stage-1 7/9] RUN pip install "hatchling==1.32.0" "editables==0.6" DONE 1.2s
#20 [stage-1 8/9] RUN pip install --no-build-isolation --no-deps -e . DONE 1.0s
#21 [stage-1 9/9] COPY --from=frontend-build /ui/dist ./static DONE 0.0s
#22 exporting manifest sha256:a80ea94f072339fcfe2e8cf7602faadfe6af68c2370cbbbbfd5d782efe44d68d done
#22 exporting config sha256:813c55ce7e4f14b3f6c874f72cabe40a83e3c4ff2f65428f588733c20df5e490 done
#22 exporting attestation manifest sha256:62fc60781a77b5e3f883a43a920319fde4a7fb0ab91f95bbd0ad7b6b6e5bdf86 done
#22 exporting manifest list sha256:cc880df58b9e253b51c68adac207b8eda9ec45ed176eb2fd6ef31b0e261f28e6 done
#22 naming to docker.io/library/storagegenie-backend:latest done
#23 resolving provenance for metadata file DONE 0.0s
 Image storagegenie-backend Built
=== BUILD END rc=0 elapsed=17s 2026-09-17T19:44:24Z ===
(build bound 900s -> actual 17s. New bundle index-CVg0y-4w.js appears in the build log.)

================================================================================
SECTION 3 — G1 UP (the authorized single recreate) + HEALTH
================================================================================
=== UP START 2026-09-17T19:44:28Z ===
$ docker compose up -d
 Container storagegenie-backend-1 Recreate
 Container storagegenie-backend-1 Recreated
 Container storagegenie-backend-1 Starting
 Container storagegenie-backend-1 Started
=== UP END rc=0 elapsed=1s 2026-09-17T19:44:29Z ===
(EXACTLY ONE recreate.)

=== immediate container inspect ===
id=17b12061d3d919ebdd65e49fcde274878161af09e7b412f08bee214eb3fc250f
image=sha256:cc880df58b9e253b51c68adac207b8eda9ec45ed176eb2fd6ef31b0e261f28e6
restarts=0 health=starting started=2026-09-17T19:44:28.881707468Z

=== health settle (disclosed: read attempt 1 is HTTP 000 during settle) ===
attempt 1: HTTP 000
attempt 2: HTTP 200 {"status":"ok","db":"ok","storage":"ok"}

=== consecutive healthy reads ===
read1: HTTP 200 {"status":"ok","db":"ok","storage":"ok"}
read2: HTTP 200 {"status":"ok","db":"ok","storage":"ok"}

=== settled container inspect / compose ps ===
id=17b12061d3d919ebdd65e49fcde274878161af09e7b412f08bee214eb3fc250f
image=sha256:cc880df58b9e253b51c68adac207b8eda9ec45ed176eb2fd6ef31b0e261f28e6
restarts=0 health=healthy
NAME                     IMAGE                  COMMAND                  SERVICE   CREATED          STATUS                    PORTS
storagegenie-backend-1   storagegenie-backend   "uvicorn app.main:ap…"   backend   31 seconds ago   Up 30 seconds (healthy)   127.0.0.1:8003->8000/tcp
(RestartCount 0 -> 0; no restart loop.)

=== POST ss (loopback-only binding preserved) ===
LISTEN 0      4096       127.0.0.1:8003       0.0.0.0:*    users:(("rootlesskit",pid=3814163,fd=32))

================================================================================
SECTION 4 — G2 POST-CHANGE (the new behavior is LIVE)
================================================================================
=== POST served index (bundle DISCRIMINATOR) ===
/assets/index-CVg0y-4w.js
bundle=index-CVg0y-4w.js
bundle HTTP 200 bytes=296747
fcafabbfef694bdc8488156484ca1ac0e8dba16d51f1338cc1f0d02de07ab179  post_bundle.js

BEFORE: index-BHr__-9L.js  294066 bytes  b1638c8059988d7e957db2b653bd3ab8ec3f775d830e859d143aa6400a2e8d42
AFTER:  index-CVg0y-4w.js   296747 bytes  fcafabbfef694bdc8488156484ca1ac0e8dba16d51f1338cc1f0d02de07ab179
=> DIFFERENT (name, size, hash). Discriminator satisfied.

=== POST saved-searches endpoint (the discriminator pair) ===
$ curl -s -w '\n[HTTP %{http_code}]\n' "http://127.0.0.1:8003/v1/saved-searches?household_id=01a0a029-1477-7ca0-b200-bce78a96c679"
{"items":[]}
[HTTP 200]
(404-before -> 200-after; empty list quoted.)

=== POST facets (regression check, still live) ===
{"asset_type":{"unknown":1},"status":{"ACTIVE":1},"has_evidence":{"with":1,"without":0}}
[HTTP 200]

=== POST gate (loopback Host-header, unauthenticated) ===
[HTTP 401]
(No credential file was fetched or used at any point.)

=== POST two consecutive healthy reads (after settle) ===
settled read1: HTTP 200 {"status":"ok","db":"ok","storage":"ok"}
settled read2: HTTP 200 {"status":"ok","db":"ok","storage":"ok"}

================================================================================
SECTION 5 — G2b WHAT MUST NOT CHANGE
================================================================================
=== POST alembic current (in-container, read-only) ===
$ docker exec storagegenie-backend-1 sh -lc 'cd /app && alembic current'
INFO  [alembic.runtime.migration] Context impl SQLiteImpl.
INFO  [alembic.runtime.migration] Will assume non-transactional DDL.
20260917_sg068_saved_search (head)
(AFTER now resolves the head, because the new image contains the SG-068 revision script. No upgrade ran.)

=== POST authoritative DB head + row counts (read-only direct sqlite, mode=ro) ===
$ docker exec storagegenie-backend-1 python -c "import sqlite3;c=sqlite3.connect('file:/data/db/storagegenie.db?mode=ro',uri=True);print('alembic_version=',c.execute('select version_num from alembic_version').fetchall());print('saved_search rows=',c.execute('select count(*) from saved_search').fetchone()[0]);print('assets rows=',c.execute('select count(*) from asset').fetchone()[0])"
alembic_version= [('20260917_sg068_saved_search',)]
saved_search rows= 0
assets rows= 1

PRE  alembic_version (direct DB) = 20260917_sg068_saved_search   saved_search rows = 0   assets rows = 1
POST alembic_version (direct DB) = 20260917_sg068_saved_search   saved_search rows = 0   assets rows = 1
=> IDENTICAL. No migration ran; the DB file is bind-mounted and unchanged by the code change.

No rows created (PG-EV-06 authority NONE): every request this slice issued to the app is a GET
(/v1/health, /, /assets/<bundle>, /v1/saved-searches?, /v1/assets/facets?, and the nginx gate probe).
No POST/PUT/PATCH/DELETE was sent. Construction: saved_search rows = 0 both sides; assets rows = 1 both
sides with the same single Toothpaste row.

================================================================================
SECTION 6 — LIVE CLOCK / BUDGET MARKERS
================================================================================
process start (ps lstart):  2026-09-17T19:43:33Z
build start:                2026-09-17T19:44:07Z
build end:                  2026-09-17T19:44:24Z  (17s / 900s bound)
up start:                   2026-09-17T19:44:28Z
up end:                     2026-09-17T19:44:29Z  (1s)
post reads / settle:        ~2026-09-17T19:44:29Z–19:44:59Z
overall at first-read->now: ~90s / 1800s bound

================================================================================
SECTION 7 — NOTES-REF RECEIPT (raw)
================================================================================
WORK_HEAD = e47327e162d4e01da927c1c142c63529b5d3f7f5 (docs-only work commit)

$ git push origin automation
To github.com:Andovol/StorageGenie.git
   37aaf88..e47327e  automation -> automation
push rc=0

$ git notes --ref=refs/notes/storagegenie-coder-reports add -m "Dispatch-ID: SG-069 | Report: docs/worklogs/SG-069_report.md | Work-HEAD: e47327e162d4e01da927c1c142c63529b5d3f7f5" e47327e162d4e01da927c1c142c63529b5d3f7f5
notes add rc=0  (120s bound; existing-note refusal did NOT occur)

$ git notes --ref=refs/notes/storagegenie-coder-reports show e47327e162d4e01da927c1c142c63529b5d3f7f5
Dispatch-ID: SG-069 | Report: docs/worklogs/SG-069_report.md | Work-HEAD: e47327e162d4e01da927c1c142c63529b5d3f7f5

$ git push origin refs/notes/storagegenie-coder-reports
To github.com:Andovol/StorageGenie.git
   95678e2..7991b1c  refs/notes/storagegenie-coder-reports -> refs/notes/storagegenie-coder-reports
notes push rc=0  (300s bound)

$ git fetch origin refs/notes/storagegenie-coder-reports:refs/notes/storagegenie-coder-reports-sg069-verify
From github.com:Andovol/StorageGenie
 * [new ref]         refs/notes/storagegenie-coder-reports -> refs/notes/storagegenie-coder-reports-sg069-verify
fetch rc=0
$ git rev-parse refs/notes/storagegenie-coder-reports-sg069-verify
7991b1c777ce8ae4686c69324a8b6914210967eb

NOTE (instrument): `git notes --ref=<ref> list` prints `<note-blob-sha> <annotated-object-sha>` pairs only
— it does NOT print note bodies, so `git notes list | grep SG-069` returns rc=1. Grepping note CONTENT
requires `show` per object (or `git log --notes`). Both correct forms pasted below; both rc=0.

$ git notes --ref=refs/notes/storagegenie-coder-reports-sg069-verify list | awk '{print $2}' | while read -r o; do git notes --ref=refs/notes/storagegenie-coder-reports-sg069-verify show "$o"; done | grep -n 'SG-069'
177:Dispatch-ID: SG-069 | Report: docs/worklogs/SG-069_report.md | Work-HEAD: e47327e162d4e01da927c1c142c63529b5d3f7f5
body-grep rc=0

$ git log --notes=refs/notes/storagegenie-coder-reports-sg069-verify --format='%H%n%N' -5 | grep -n 'SG-069'
2:Dispatch-ID: SG-069 | Report: docs/worklogs/SG-069_report.md | Work-HEAD: e47327e162d4e01da927c1c142c63529b5d3f7f5
log-body-grep rc=0

$ git notes --ref=refs/notes/storagegenie-coder-reports-sg069-verify show e47327e162d4e01da927c1c142c63529b5d3f7f5
Dispatch-ID: SG-069 | Report: docs/worklogs/SG-069_report.md | Work-HEAD: e47327e162d4e01da927c1c142c63529b5d3f7f5
show rc=0

$ git status --porcelain=v1
(clean)

note=yes
