SG-060 run log — opencode / medium — work dir /home/andrei/StorageGenie

2026-09-17T14:19Z  START. Process argv: `opencode run --auto --dir /home/andrei/StorageGenie
                   --variant medium` -> effort=medium; no model id on argv -> model=unknown.
2026-09-17T14:19Z  PRE-STATE: `git status --porcelain` empty; branch automation; HEAD =
                   origin/automation = 26149974869966774e41c3c8ced09c09671aca4d (BASE ref
                   `origin/automation` -> that commit).
2026-09-17T14:19Z  PREMISES re-read and all matched the packet (raw in verify log [1]-[5]):
                   ItemInspectorDrawer.tsx:129 `VITE_API_BASE || "http://localhost:8000"`;
                   router.py:52-72 consumes estimated_cost and forwards only *args/**kwargs;
                   opencode_go.py:242-253 (extract_items) + :295-305 (extract_text) guards present;
                   test_opencode_go.py:128-130 direct-call cap test present; test_chat.py:276
                   direct extract_text cap; vite.config.ts:9 proxy `"/v1": "http://localhost:8000"`.
2026-09-17T14:20Z  G1: ItemInspectorDrawer.tsx:129 one-string hunk `:8000` -> `:8003`. vite.config.ts:9
                   read live, NO hunk (inert: dev client uses absolute VITE_API_BASE and bypasses the
                   proxy; retargeting assumes dev-topology facts this slice does not establish).
2026-09-17T14:20Z  G2: router.py:52 docstring extended (estimate consumed HERE, NOT forwarded; one
                   enforcement point per routed call); opencode_go.py extract_items given a docstring and
                   extract_text's docstring extended (DIRECT-invocations-only; shadowed-but-harmless on
                   the routed path). Zero logic hunks.
2026-09-17T14:20Z  G2 pin: new test `test_router_consumes_estimate_and_shadows_adapter_guard` added to
                   test_provider_gateway.py beside the existing router budget test (that file is where
                   router enforcement is tested; the local recording double is what makes the shadowing
                   observable, which FakeProvider does not expose). Extension not chosen: the existing
                   test covers only (a), and a new name documents (b).
2026-09-17T14:21Z  G3 pin run: `venv/bin/python -m pytest tests/test_provider_gateway.py -q` -> 6 passed
                   in 0.36s. ruff on the three touched py files -> All checks passed!.
2026-09-17T14:21Z  G3 full backend suite: `venv/bin/python -m pytest -q` -> 2 failed / 236 passed in
                   19.60s. Both reds are test_signals.py (OCR/checksum). BASE repro on a detached
                   worktree at 2614997 ran `pytest tests/test_signals.py -q` -> SAME 2 failed / 5 passed.
                   Base-proven, not new. ruff check . -> All checks passed!.
2026-09-17T14:21Z  G3 frontend: `npm test -- --run` 21 files / 152 tests passed (6.10s); `npm run lint`
                   clean; `npm run build` (tsc && vite build) OK, 1960 modules, built in 1.73s.
2026-09-17T14:21Z  No deploy run (zero behaviour change; served container bundle untouched). Local
                   frontend/dist regenerated by the mandated build gate only; gitignored, not staged.
2026-09-17T14:21Z  Worklogs written (this file, SG-060_report.md, SG-060_verify.log).
2026-09-17T14:21Z  Spend: $0.000000 (zero provider calls; no metered route touched).
2026-09-17T14:21Z  Overall wall since process start: ~140s / 1800s budget (early-close 1200s not
                   reached). No command was killed.
2026-09-17T14:22Z  Committed WORK_HEAD 91fac4dee921e66de7db11bae3fb82f6d496f805; pushed automation
                   2614997..91fac4d. Worktree clean.
2026-09-17T14:22Z  Notes receipt: add_exit=0 (fresh hash on WORK_HEAD; pre-check `no note found`),
                   notes push 06d5527..6328418, mapped fetch (+refspec) into refs/notes/sg060-remote-verify,
                   note-list grep hit with BOTH Dispatch-ID: SG-060 and Report: docs/worklogs/SG-060_report.md,
                   `show` printed the line. note=yes. Raw pasted into SG-060_report.md; docs-only append
                   committed and pushed.
