SG-068 verify log — saved searches (named filter sets, per household)
Authoring date: 2026-09-17 (metadata). Contract recorded 0.28.2 == published b495b59
(source: /home/andrei/storagegenie-contract/VERSION, RULES.md sha256 a66aa4313d62cebff8b44f10299928288e05dc4d7c45f4f4e83e0bbd954c131d).
BASE (start HEAD): ee78d3072e0422ca6c8e613ce2bcf531745bd699  (origin/automation)
WORK_HEAD: see SG-068_report.md (filled by the docs-only follow-up commit)
Runs on scratch temp SQLite only; production DB is migrated separately (G1, D85).

-- [1] scratch migration proof + real-HTTP round-trip + guard firing -----------------
$ cd backend && venv/bin/python /tmp/opencode/sg068_verify.py
INFO  [alembic.runtime.migration] Context impl SQLiteImpl.
INFO  [alembic.runtime.migration] Will assume non-transactional DDL.
INFO  [alembic.runtime.migration] Running upgrade  -> 0201cf10c56c, 001 core foundation
INFO  [alembic.runtime.migration] Running upgrade 0201cf10c56c -> 20260908_sg013_observation, deterministic signal observations
INFO  [alembic.runtime.migration] Running upgrade 20260908_sg013_observation -> 20260908_sg014_candidate, deduplication candidates
INFO  [alembic.runtime.migration] Running upgrade 20260908_sg014_candidate -> 20260908_sg017_fts, SQLite FTS5 index for asset catalog search.
INFO  [alembic.runtime.migration] Running upgrade 20260908_sg017_fts -> 20260912_sg025_provider_call, provider call ledger (SG-025, blueprint §3.3)
INFO  [alembic.runtime.migration] Running upgrade 20260912_sg025_provider_call -> 20260914_sg035_foundations, data foundations: source attribution, planning suggestions, guardrail log (SG-035, Phase 3 S2/S3)
INFO  [alembic.runtime.migration] Running upgrade 20260914_sg035_foundations -> 20260916_sg048_name_optional, name-optional capture: asset.display_name becomes nullable (SG-048, S2)
INFO  [alembic.runtime.migration] Running upgrade 20260916_sg048_name_optional -> 20260917_sg068_saved_search, saved searches: named per-household filter sets (SG-068, Phase 4)
INFO  [alembic.runtime.migration] Context impl SQLiteImpl.
INFO  [alembic.runtime.migration] Will assume non-transactional DDL.
INFO  [alembic.runtime.migration] Running downgrade 20260917_sg068_saved_search -> 20260916_sg048_name_optional, saved searches: named per-household filter sets (SG-068, Phase 4)
INFO  [alembic.runtime.migration] Context impl SQLiteImpl.
INFO  [alembic.runtime.migration] Will assume non-transactional DDL.
INFO  [alembic.runtime.migration] Running upgrade 20260916_sg048_name_optional -> 20260917_sg068_saved_search, saved searches: named per-household filter sets (SG-068, Phase 4)
/home/andrei/StorageGenie/backend/venv/lib/python3.12/site-packages/fastapi/testclient.py:1: StarletteDeprecationWarning: Using `httpx` with `starlette.testclient` is deprecated; install `httpx2` instead.
  from starlette.testclient import TestClient as TestClient  # noqa
scratch dir = /tmp/sg068-pn7zu0lk

== MIGRATION BEFORE UPGRADE (table must be absent) ==
FAIL (expected): OperationalError: (sqlite3.OperationalError) no such table: saved_search
== AFTER UPGRADE HEAD ==
saved_search rows = 0
alembic_version   = 20260917_sg068_saved_search
== AFTER DOWNGRADE TO sg048 ==
FAIL (expected): OperationalError: (sqlite3.OperationalError) no such table: saved_search
alembic_version   = 20260916_sg048_name_optional
== AFTER RE-UPGRADE HEAD ==
saved_search rows = 0
alembic_version   = 20260917_sg068_saved_search

== WHITELIST GUARD (unknown key must be rejected, not dropped) ==
POST unknown-key status = 422
response names offending key 'bogus_key' = True

== ROUND-TRIP: save -> read back -> apply != manual must MATCH ==
POST valid status = 201
stored name  = 'My unreviewed appliance'
stored query = {'asset_type': 'appliance', 'q': 'Kitchen', 'status': 'ACTIVE'}
manual  URL = http://testserver/v1/assets?household_id=01a0b0dd-96e0-7f33-a25b-c1ed826f6748&q=Kitchen&asset_type=appliance&status=ACTIVE
applied URL = http://testserver/v1/assets?household_id=01a0b0dd-96e0-7f33-a25b-c1ed826f6748&asset_type=appliance&q=Kitchen&status=ACTIVE
query strings identical = False
bodies identical        = True
matched display_name(s) = ['Kitchen Blender']

== HOUSEHOLD ISOLATION ==
second household list      = {'items': []}
cross-household DELETE     = 403
owner DELETE               = 200
empty household list/status= {'items': []}

SCRATCH PROOF COMPLETE
