SG-060 verify log — raw command output (opencode / medium; model unknown). All commands bounded.

[0] STARTING TREE + BASE
$ git status --porcelain=v1 -b
## automation...origin/automation
(no file entries)
$ git rev-parse HEAD
26149974869966774e41c3c8ced09c09671aca4d
$ git rev-parse origin/automation
26149974869966774e41c3c8ced09c09671aca4d
$ git log --oneline -5
2614997 SG-060 packet (cap split + drawer fallback, D80 chain)
d8267b3 SG-059 rating 98 GREEN + M34/M35 (D80 chain)
7bad2db SG-059 receipt: append verified notes-ref show output (docs-only)
0f1965c SG-059: typed Response mocks + fix host-stale :8000 fallbacks
31ccc33 SG-059 packet (hygiene + port audit, D80 chain)

[1] ItemInspectorDrawer.tsx PRE-HUNK (sed 120,135) — line 129 matches the packet
      firstEvidence: Evidence | undefined = evidence[0];
      sourceUrl = firstEvidence
        ? `${import.meta.env.VITE_API_BASE || "http://localhost:8000"}/v1/evidence/${firstEvidence.id}/file?household_id=${householdId}`
        : null;

[2] vite.config.ts:1-20 — line 9 read live, NO HUNK
      "/v1": "http://localhost:8000",   (line 9, inside server.proxy)

[3] router.py:52-72 BEFORE
    def execute(self, operation: str, *args: Any, estimated_cost: float = 0.0, **kwargs: Any) -> Any:
        """Run `operation` on the configured provider.

        Budget is enforced BEFORE any call: exceeding it raises
        BudgetExceededError with zero provider invocations. On ProviderError
        whose kind is in the retryable set (and a fallback is configured),
        the fallback provider is tried once. Non-retryable errors surface
        with no fallback.
        """
        if estimated_cost > self.config.cost_budget:
            raise BudgetExceededError(...)
        primary = self.resolve(self.config.provider_id)
        try:
            return getattr(primary, operation)(*args, **kwargs)
        except ProviderError as exc:
            ...
    (proof of shadowing: only *args/**kwargs reach the provider; estimated_cost is not forwarded)

[4] opencode_go.py guards BEFORE — extract_items:242-253 and extract_text:295-305 (byte-identical
    per-job + monthly refusal blocks; verified by read). test_opencode_go.py:128-130
    (`probe.extract_items(b"fake-bytes", "prompt", estimated_cost=1.0)`) and test_chat.py:276
    (`capped.extract_text(..., estimated_cost=1.0)`) prove the direct path fires.

[5] PIN TEST SOURCE (test_provider_gateway.py, appended after the existing router budget test)
def test_router_consumes_estimate_and_shadows_adapter_guard() -> None:
    ... local _RecordingProvider records invocations + seen_estimates ...
    with pytest.raises(BudgetExceededError):
        router.execute("extract_text", "over-budget", estimated_cost=5.0)
    assert provider.invocations == 0
    result = router.execute("extract_text", "in-budget", estimated_cost=0.5)
    assert provider.invocations == 1
    assert provider.seen_estimates == [0.0]

[6] PIN + RUFF
$ venv/bin/python -m pytest tests/test_provider_gateway.py -q
......                                                                   [100%]
6 passed in 0.36s
PIN_EXIT=0
$ venv/bin/python -m ruff check app/services/providers/router.py app/services/providers/opencode_go.py tests/test_provider_gateway.py
All checks passed!
RUFF_EXIT=0

[7] FULL BACKEND SUITE (worktree HEAD)
$ venv/bin/python -m pytest -q
FAILED tests/test_signals.py::test_generated_codes_are_validated_and_bad_checksum_is_not_an_identifier
FAILED tests/test_signals.py::test_ocr_has_text_boxes_and_mean_confidence - a...
2 failed, 236 passed, 20 warnings in 19.60s
PYTEST_EXIT=1
$ venv/bin/python -m ruff check .
All checks passed!
RUFFALL_EXIT=0

[8] BASE REPRO (detached worktree at 26149974869966774e41c3c8ced09c09671aca4d)
$ git worktree add --detach /tmp/opencode/sg060-base 26149974869966774e41c3c8ced09c09671aca4d
$ (in /tmp/opencode/sg060-base/backend) venv/bin/python -m pytest tests/test_signals.py -q
FAILED tests/test_signals.py::test_generated_codes_are_validated_and_bad_checksum_is_not_an_identifier
FAILED tests/test_signals.py::test_ocr_has_text_boxes_and_mean_confidence - a...
2 failed, 5 passed, 3 warnings in 1.24s
BASE_EXIT=1
=> the two reds exist at BASE; not introduced by SG-060. Worktree removed after.

[9] FRONTEND GATES
$ npm test -- --run
 Test Files  21 passed (21)
      Tests  152 passed (152)
   Duration  6.10s
TEST_EXIT=0
$ npm run lint
> eslint src
LINT_EXIT=0
$ npm run build
> tsc && vite build
✓ 1960 modules transformed.
dist/assets/index-CY71ycwZ.js   293.57 kB │ gzip: 87.38 kB
✓ built in 1.73s
BUILD_EXIT=0

[10] HYGIENE
$ git diff --name-only
backend/app/services/providers/opencode_go.py
backend/app/services/providers/router.py
backend/tests/test_provider_gateway.py
frontend/src/components/shell/ItemInspectorDrawer.tsx
(no vite.config.ts, AGENTS.md, docker-compose.yml, .env, package.json, pyproject.toml, alembic /**)
$ git status --porcelain --ignored  (filtered) -> .env, .mypy_cache/, backend/.mypy_cache/, data/,
output/ all ignored pre-existing; nothing staged. No ignored file staged (PG-SC-10).
No deploy command run; docker/compose untouched; production SQLite untouched by construction
(no app boot, no DATABASE_URL changed; tests use scratch temp SQLite via TestClient).
