SG-048 worklog — name-optional capture: nullable display_name + photo-derived default + form
Work dir /home/andrei/StorageGenie   Host 87.106.66.242:2222   Coder opencode   Effort medium (argv `--variant medium`)   Model unknown (no id on argv per policy)
BASE (start HEAD) 2a0c572212c91cbd2c98f0bf386bb8f3af977140  (== origin/automation)
Contract 0.27.0.  Slice wall-clock start 2026-09-16T19:48:09Z (live clock).  Spend $0 metered (AI OFF).  DATABASE: prod SQLite for the migration only + scratch temp SQLite for all tests.

[recon] tree clean; HEAD == origin/automation == 2a0c572. Premises re-read live; all six cites hold (models/asset.py:15 nullable=False; schemas/asset.py:7,39; asset_service.py:20 KeyError; AssetForm.tsx:66-71,113-121 required; 0201cf10c56c:41; candidates.py:159-165). Head revision 20260914_sg035_foundations confirmed (down_revision chain).
[reader-enumeration] backend: assets.py:104 (_asset_to_dict) + :177 (list) passthrough; exports.py:58 passthrough; fts.py triggers (null flows to FTS5); planning/service.py:114,153 + chat/service.py:147,179 (OUTSIDE packet expectation, read-only, no-crash proven); dedup.py:95 reads Evidence not Asset. frontend: product.ts:79, api/types.ts:32, AssetCard.tsx:32,55, AssetDetailPage.tsx:65,68, ItemInspectorDrawer.tsx:59,85,90,170,176,254 (+AssetForm). Diff vs packet: planning/chat omitted by packet, reported as F-SG048-2; mockProducts.ts/ReviewPage.tsx are mock/candidate reads, not Asset reads.
[G1] new backend/alembic/versions/20260916_sg048_name_optional.py. SQLite has no ALTER COLUMN -> batch_alter_table recreate. Two extra requirements the tree forced: (a) the external-content VIEW asset_fts_content makes the batch rename fail ("error in view ... no such table asset"), so FTS triggers/view/virtual table are dropped first and reinstalled+rebuilt after; (b) downgrade fails closed (RuntimeError) when a nameless row exists. Head-relative grep (PG-SC-11) hits named: test_search.py:239,252; test_signals.py:227,233; test_candidates.py:161,165; test_foundations.py:65,85 ("head", dynamic); test_export.py:114 + exports.py:23 (get_current_head, dynamic); test_foundations.py:81 downgrades to sg025 (not head); `[-1]` hits unrelated list indexing. ZERO hunks needed.
[G2] models/asset.py nullable=True; AssetCreate.display_name Optional; AssetOut.display_name Optional; new resolve_display_name() reuses candidates._deterministic_display_name by import (no cycle); assertion source_type user|deterministic, review_state accepted both; NULL -> no assertion row.
[G3] frontend: UNTITLED_ASSET_NAME constant in product.ts; null-safe AssetCard/AssetDetailPage/ItemInspectorDrawer/product; api Asset.display_name string|null. ItemInspectorDrawer OLD code crashed (title.trim on null) - proven by the fail run.
[G4] AssetForm: label "Display name (optional)" + hint; required + refusal removed; blank omitted from POST; new guard nameless+photoless -> "Add a photo or a display name". Listener verdict: AssetForm mounts only in CapturePage.tsx:46 (+tests); import modal separate -> window paste listener stays.
[G5-pre] new tests written first; pre-change run (implementation stashed, migration moved): backend 10 failed / 187 passed (8 new + 2 pre-existing); frontend 6 failed / 137 passed. Raw in verify.log.
[G5-green] backend 195 passed + the same 2 decoder reds; frontend 143 passed / 21 files; ruff 0; lint 0; build 0 (bundle index-GQSnPT8t.js). Raw in verify.log.
[G5-mut] M1 resolve branch (if evidence_ids -> if False and evidence_ids) caught by 2; M2 product.ts fallback (|| -> &&) caught by 2; M3 migration nullability (nullable=True -> False in upgrade) caught by 3. All reverted clean. Raw in verify.log.
[G6-before] version 20260914_sg035_foundations; display_name notnull=1; health exact; counts 1/2/1/1/3/3; Toothpaste == "Toothpaste". Safety copy to /tmp/opencode (outside repo).
[G6-migrate] stop backend; docker compose run --rm --no-deps backend python -m alembic upgrade head -> 20260914 -> 20260916; pragma notnull=0; counts EQUAL; Toothpaste EQUAL; FTS triggers present. up -d recreated container.
[G6-after] health exact; served asset index-GQSnPT8t.js (CHANGED from index-CuxlcH9v.js); 8003 loopback-only; gate 301/401; idempotent re-up left same container, RestartCount=0; zero new prod rows.
[G7] worklog + report + verify log. Commit to automation, push, note on WORK_HEAD, push notes ref, verify via fetched ref.

Budgets (actual vs cap): recon+baseline ~60s vs 120s ordinary; pre-change suite 14s; green backend 13s + frontend 4s + ruff/lint/build ~5s vs 600s suite+lint+build; mutations 1.2s/0.6s/1.4s each; docker build ~35s + stop/run/up ~15s + verify ~20s vs 900s host leg; overall ~645s to worklog vs 1500s early-close and 2400s cap. $0 metered.

Findings:
  F-SG048-1  SQLite batch recreate is blocked by the FTS external-content view; the migration must drop and
             reinstall FTS objects. Without it `upgrade head` fails with "error in view asset_fts_content".
             Implemented + tested (round-trip asserts triggers present both directions).
  F-SG048-2  Two production readers the packet's G3 enumeration omitted: planning/service.py:153 and
             chat/service.py:179 (`"label": asset.display_name`). They are OUTSIDE the scope ceiling, so no
             hunk was made; they are proven no-crash/pass-through on a NULL name by a new test. A NULL label
             is a display-quality gap for the AI prompt catalogs (destination: S3/SG-049 or a future slice).
  F-SG048-3  The old ItemInspectorDrawer crashed on a NULL display_name (`title.trim()`); now fixed and
             regression-tested. Evidence the G3 reader sweep was load-bearing, not cosmetic.

UNCLEAR (see report): FIRST READ — whether planning/chat label NULL is in-scope or a finding; DURING EXECUTION — which container runs the migration (running image lacked the new revision); REMAINING — whether the Architect wants a hunks-in-ceiling amendment for the AI-catalog labels.
