SG-035 verify log — both runs raw (PG-EV-01 fail-then-pass / PG-EV-09 both committed)
All commands run from /home/andrei/StorageGenie/backend with the backend venv unless stated.
Bounds: ordinary 120s, fixture legs 600s, mypy 300s, early-close 1800s, overall 2400s. No command was killed.

================================================================================
[0] STARTING TREE + BASE (bound 120s -> <1s)
================================================================================
$ git status --porcelain
(empty)
$ git branch --show-current
automation
$ git rev-parse HEAD
f040a5877bd9a6fb762801d3ec541cb3756e4e77
$ git log --oneline -1
f040a58 Packet SG-035: data foundations migration (opencode, medium)
BASE REF: automation -> f040a5877bd9a6fb762801d3ec541cb3756e4e77

================================================================================
[1] BASE SUITE — detached worktree at f040a58 (bound 600s -> 8.31s; exit 1)
================================================================================
$ git worktree add --detach /tmp/opencode/sg035-base HEAD
BASE HEAD: f040a5877bd9a6fb762801d3ec541cb3756e4e77
$ /home/andrei/StorageGenie/backend/venv/bin/python -m pytest -q      # cwd worktree/backend
FAILED tests/test_signals.py::test_generated_codes_are_validated_and_bad_checksum_is_not_an_identifier
FAILED tests/test_signals.py::test_ocr_has_text_boxes_and_mean_confidence - a...
2 failed, 127 passed, 11 warnings in 8.31s
# The 2 base reds are the decoder environment legs (pyzbar/libzbar + pytesseract absent).
$ /home/andrei/StorageGenie/backend/venv/bin/python -m mypy app        # BASE
Found 40 errors in 9 files (checked 60 source files)

================================================================================
[2] PRE-FAIL RAW — implementation stashed, new test present (bound 600s -> 0.36s; exit 1)
================================================================================
$ git stash push -u -- backend/app backend/alembic
Saved working directory and index state WIP on automation: f040a58 ...
$ /home/andrei/StorageGenie/backend/venv/bin/python -m pytest -q tests/test_foundations.py
==================================== ERRORS ====================================
__________________ ERROR collecting tests/test_foundations.py __________________
ImportError while importing test module '.../tests/test_foundations.py'.
tests/test_foundations.py:15: in <module>
    from app.models import (
E   ImportError: cannot import name 'GuardrailEvent' from 'app.models' (.../app/models/__init__.py)
=========================== short test summary info ============================
ERROR tests/test_foundations.py
!!!!!!!!!!!!!!!!!!!! Interrupted: 1 error during collection !!!!!!!!!!!!!!!!!!!!
1 error in 0.36s

================================================================================
[3] PRE-FAIL — tables absent probe at BASE head (bound 120s -> <1s)
================================================================================
$ python - <<PY  (upgrade head on temp SQLite, settings.database_url overridden to tempfile.mkdtemp)
INFO  [alembic.runtime.migration] Running upgrade  -> 0201cf10c56c, 001 core foundation
INFO  [alembic.runtime.migration] Running upgrade 0201cf10c56c -> 20260908_sg013_observation, ...
INFO  [alembic.runtime.migration] Running upgrade 20260908_sg013_observation -> 20260908_sg014_candidate, ...
INFO  [alembic.runtime.migration] Running upgrade 20260908_sg014_candidate -> 20260908_sg017_fts, ...
INFO  [alembic.runtime.migration] Running upgrade 20260908_sg017_fts -> 20260912_sg025_provider_call, ...
HEAD: 20260912_sg025_provider_call
TABLES: ['alembic_version', 'assertion', 'asset', 'asset_evidence', 'asset_fts', 'asset_fts_config',
         'asset_fts_data', 'asset_fts_docsize', 'asset_fts_idx', 'audit_event', 'candidate', 'evidence',
         'household', 'idempotency_key', 'job', 'job_step', 'observation', 'provider_call', 'review_task', 'user']
source_attribution present = False
planning_suggestion present = False
guardrail_event present = False
$ git stash pop
Dropped refs/stash@{0} (790309032b6b27163b8b1eb13e2d952dd70f04c6)

================================================================================
[4] POST-GREEN RAW — implementation restored (bound 600s -> 0.62s; exit 0)
================================================================================
$ /home/andrei/StorageGenie/backend/venv/bin/python -m pytest -q tests/test_foundations.py
5 passed, 3 warnings in 0.62s

================================================================================
[5] FULL SUITE POST — first run, before the registry-file decision (bound 600s -> 9.61s; exit 1)
================================================================================
$ /home/andrei/StorageGenie/backend/venv/bin/python -m pytest -q
FAILED tests/test_postgres_dialect.py::test_all_application_tables_compile_for_postgresql
FAILED tests/test_signals.py::test_generated_codes_are_validated_and_bad_checksum_is_not_an_identifier
FAILED tests/test_signals.py::test_ocr_has_text_boxes_and_mean_confidence - a...
3 failed, 131 passed, 14 warnings in 9.61s
# The postgres red is self-inflicted by the G1 schema change: test_postgres_dialect.py holds a static
# registry EXPECTED_TABLES == Base.metadata.tables; the three new tables are not listed. That file is
# NOT in the packet scope ceiling (M6-class gap). Precedent SG-025 (the only prior table-adding slice)
# updated exactly this file (+2 lines, commit aeda142) and was rated 98; M4 records touching a
# required-but-omitted file as correct with no penalty. The minimal registry update was applied and
# is disclosed in the report.

================================================================================
[6] REGISTRY UPDATE (out-of-ceiling, disclosed) (bound 120s -> <1s)
================================================================================
$ git --no-pager diff -- backend/tests/test_postgres_dialect.py
backend/tests/test_postgres_dialect.py | 6 ++++++
 1 file changed, 6 insertions(+)
  +    GuardrailEvent,      (import list)
  +    PlanningSuggestion,  (import list)
  +    SourceAttribution,   (import list)
  +    "guardrail_event",      (EXPECTED_TABLES)
  +    "planning_suggestion",  (EXPECTED_TABLES)
  +    "source_attribution",   (EXPECTED_TABLES)
$ /home/andrei/StorageGenie/backend/venv/bin/python -m pytest -q tests/test_postgres_dialect.py
1 passed in 0.26s

================================================================================
[7] FULL SUITE POST — final (bound 600s -> 9.33s; exit 1)
================================================================================
$ /home/andrei/StorageGenie/backend/venv/bin/python -m pytest -q
FAILED tests/test_signals.py::test_generated_codes_are_validated_and_bad_checksum_is_not_an_identifier
FAILED tests/test_signals.py::test_ocr_has_text_boxes_and_mean_confidence - a...
2 failed, 132 passed, 14 warnings in 9.33s
# Exactly the 2 base-proved decoder environment reds from [1]; every other leg green including
# test_export.py (head-derived) and test_postgres_dialect.py.

================================================================================
[8] RUFF (bound 120s -> <1s; exit 0)
================================================================================
$ /home/andrei/StorageGenie/backend/venv/bin/ruff check app tests
All checks passed!

================================================================================
[9] MYPY (bound 300s -> completed; exit 1)
================================================================================
$ /home/andrei/StorageGenie/backend/venv/bin/python -m mypy app                      # POST
Found 40 errors in 9 files (checked 63 source files)
$ .../venv/bin/python -m mypy app | grep -E "source_attribution|planning_suggestion|guardrail_event"
(no hits)
# Error file list (POST) = app/api/v1/assets.py, app/api/v1/evidence.py, app/api/v1/households.py,
# app/api/v1/review_tasks.py, app/main.py, app/models/base.py, app/schemas/asset.py,
# app/services/asset_service.py, app/services/audit_service.py  — identical 9 files as BASE.
# DELTA = 0 errors; the 3 new model files add zero (checked 60 -> 63 source files).

================================================================================
[10] PG-SC-11 — head-relative assertion grep (bound 120s -> <1s)
================================================================================
$ rg -n 'downgrade|latest|expected_head|get_current_head|"head"' tests --glob '*.py'
tests/test_candidates.py:161: command.upgrade(config, "head")
tests/test_candidates.py:163: command.downgrade(config, "20260908_sg013_observation")
tests/test_candidates.py:165: command.upgrade(config, "head")
tests/test_signals.py:227/229/233: upgrade "head"; downgrade "20260908_sg013_observation"
tests/test_search.py:239/247: upgrade "head"; downgrade "20260908_sg014_candidate"
tests/test_foundations.py:65/81/85 (NEW): upgrade "head"; downgrade "20260912_sg025_provider_call"; upgrade "head"
tests/test_export.py:114: expected_head = ScriptDirectory(...).get_current_head()
tests/test_export.py:116: assert body["db_revision"] == expected_head
# Every downgrade target is an EXPLICIT revision string (no "head-1" / "latest" anywhere). The only
# head-derived assertion is test_export.py:114-116; it derives from scripts, not a literal. Proven:
$ python -c "from alembic.script import ScriptDirectory; from app.api.v1 import exports; ..."
exports.ALEMBIC_HEAD = 20260914_sg035_foundations
ScriptDirectory head = 20260914_sg035_foundations
match = True
# All migration legs ([4],[7]) green against the new head. No assertion true-only-while-newest found.

================================================================================
[11] SECRETS / NETWORK / LIVE DB / HEALTH (bounds 120s each)
================================================================================
$ rg -n --hidden -g '!backend/venv/**' -g '!frontend/node_modules/**' -g '!.git/**' -g '!**/*.log' \
     -e 'sk-[A-Za-z0-9]{20,}' -e 'AKIA[0-9A-Z]{16}' -e '-----BEGIN [A-Z ]*PRIVATE KEY-----' \
     -e 'AIza[0-9A-Za-z_\-]{35}' -e 'gh[pousr]_[A-Za-z0-9]{36,}' . | wc -l
0
$ git ls-files | grep -E '(^|/)\.env$' | wc -l
0
$ rg -n -e 'import (httpx|requests|urllib|socket|aiohttp)' -e 'urlopen' <new/changed files>
(none)
$ ls -la /data/db ; ls -la backend/data/db
/usr/bin/ls: cannot access '/data/db': No such file or directory
/usr/bin/ls: cannot access '/home/andrei/StorageGenie/backend/data/db': No such file or directory
# Every DB touch in this slice sets settings.database_url to a tmp_path / tempfile.mkdtemp SQLite file
# before alembic runs (the migration-under-test pattern). PROD_DB /data/db/storagegenie.db ../../..absent,
# never opened. Live DB writes 0. Network attempts 0. Spend $0.
$ docker compose ps
NAME IMAGE COMMAND SERVICE CREATED STATUS PORTS
(0 services)
$ curl -s -o /dev/null -w "http_code=%{http_code}\n" http://localhost:8000/v1/health
http_code=404
$ ss -ltnp | grep ':8000'
LISTEN 0 4096 127.0.0.1:8000 0.0.0.0:*   (:8000 listener unrelated to this stack)
# HEALTH: unanswered — no stack runs; no service started (starting one is deploying, out of scope).

================================================================================
[12] SCOPE / FIVE VERSION FILES UNTOUCHED
================================================================================
$ git status --porcelain
 M backend/app/models/__init__.py
 M backend/tests/test_postgres_dialect.py          <- disclosed registry update ([6])
?? backend/alembic/versions/20260914_sg035_foundations.py
?? backend/app/models/guardrail_event.py
?? backend/app/models/planning_suggestion.py
?? backend/app/models/source_attribution.py
?? backend/tests/test_foundations.py
$ git diff --stat -- backend/alembic/versions/
(empty)     # the five existing version files untouched: 0201cf10c56c, sg013, sg014, sg017, sg025
$ git diff --name-only -- 'backend/app/services/providers/prompts' 'frontend'
(empty)     # no prompt diff; zero frontend files touched (no build needed)
$ python -c "from alembic.script import ScriptDirectory; print(ScriptDirectory('alembic').get_current_head())"
20260914_sg035_foundations
