SG-106 verify log — raw outputs (live clock; all commands bounded, none interactive, nothing killed)
Work dir /home/andrei/StorageGenie · remote git@github.com:Andovol/StorageGenie.git
Contract 0.33.0 (source path /home/andrei/storagegenie-contract/VERSION = 0.33.0, FETCH_HEAD b232b845d74e89cb346c60fa4b9a40ec401c42dd); .rules-cache/ ABSENT on this host
BASE_REF=origin/automation BASE_RESOLVED=59f731f83e47e63549c79d736c64995ae20e65e5 (== start HEAD)
DATABASE: none live (read-only counts/health probes only) · Restart: ONE backend recreate (D146) · Deploy: THIS slice
Legend: sections G1 BEFORE / G2 BUILD / G2 RECREATE / G3 AFTER / FINAL.

################## G1 BEFORE (raw) ##################
===== G1 BEFORE CAPTURE 2026-09-23T19:35:43Z =====
--- BASE / HEAD ---
BASE_REF=origin/automation BASE_RESOLVED=59f731f83e47e63549c79d736c64995ae20e65e5
HEAD=59f731f83e47e63549c79d736c64995ae20e65e5
branch=automation worktree_porcelain=[]
--- IMAGE ID (storagegenie-backend:latest) ---
image_id=sha256:a76f145592656da45d5fa3bab7efffd1d89cf42565f1236d65f2d1898b4c12e6 created=2026-09-23T18:12:02.528869567Z
--- CONTAINER (storagegenie-backend-1) ---
container_id=40bcc32160be6f0c4cf43a09fd7992c9ae58eccd0f91a5dbb1f82de588aedce8 image=sha256:a76f145592656da45d5fa3bab7efffd1d89cf42565f1236d65f2d1898b4c12e6 RestartCount=0 Started=2026-09-23T18:12:48.490444512Z Health=healthy Ports={"8000/tcp":[{"HostIp":"127.0.0.1","HostPort":"8003"}]}
--- docker ps ---
40bcc32160be storagegenie-backend storagegenie-backend-1 Up About an hour (healthy) 127.0.0.1:8003->8000/tcp
--- SERVED index.html (loopback) ---
<!DOCTYPE html>
<html lang="en">
  <head>
    <meta charset="UTF-8" />
    <meta name="viewport" content="width=device-width, initial-scale=1.0" />
    <title>StorageGenie</title>
    <script>
      (function () {
        try {
          var stored = localStorage.getItem("sg-theme");
          var dark =
            stored === "dark" ||
            ((stored === null || stored === "system") &&
              window.matchMedia("(prefers-color-scheme: dark)").matches);
          document.documentElement.classList.toggle("dark", dark);
          document.documentElement.classList.toggle("light", !dark);
        } catch (error) {
          document.documentElement.classList.add("light");
        }
      })();
    </script>
    <script type="module" crossorigin src="/assets/index-Cj3z97gk.js"></script>
    <link rel="stylesheet" crossorigin href="/assets/index-CoNI-1Zn.css">
  </head>
  <body>
    <div id="root"></div>
  </body>
</html>
JS_NAME=assets/index-Cj3z97gk.js CSS_NAME=assets/index-CoNI-1Zn.css
--- SERVED BUNDLE fetched over loopback (what the consumer runs) ---
305281 /tmp/sg106_before.js
  3839 /tmp/sg106_before.css
309120 total
d68479443243f59d272265f8b3f8ba4002ec4c027a18b8f3c7ad2f9c79b56fd0  /tmp/sg106_before.js
b18dbb336eef5c580bf0a2e6726d647c4f6c63edbc48373580d31e4508659ad3  /tmp/sg106_before.css
--- IN-IMAGE asset list + sha256 (server-side identity) ---
total 304
-rw-r--r-- 1 root root 305281 Sep 23 18:12 index-Cj3z97gk.js
-rw-r--r-- 1 root root   3839 Sep 23 18:12 index-CoNI-1Zn.css
d68479443243f59d272265f8b3f8ba4002ec4c027a18b8f3c7ad2f9c79b56fd0  /app/static/assets/index-Cj3z97gk.js
b18dbb336eef5c580bf0a2e6726d647c4f6c63edbc48373580d31e4508659ad3  /app/static/assets/index-CoNI-1Zn.css
--- SG-105 MARKER GREP in served JS (raw; expected ABSENT before) ---
marker=[page-container] occurrences_in_js=0
marker=[THEMED_CONTROL_CLASS] occurrences_in_js=0
marker=[Uncategorized (] occurrences_in_js=0
--- marker grep in served CSS ---
marker=[page-container] occurrences_in_css=0
marker=[THEMED_CONTROL_CLASS] occurrences_in_css=0
marker=[Uncategorized (] occurrences_in_css=0
--- DB BYTES (host file) ---
-rw------- 1 andrei andrei 528384 Sep 23 18:12 /home/andrei/StorageGenie/data/db/storagegenie.db
-rw------- 1 andrei andrei  32768 Sep 23 18:14 /home/andrei/StorageGenie/data/db/storagegenie.db-shm
-rw------- 1 andrei andrei  90672 Sep 23 18:14 /home/andrei/StorageGenie/data/db/storagegenie.db-wal
/home/andrei/StorageGenie/data/db/storagegenie.db 528384
/home/andrei/StorageGenie/data/db/storagegenie.db-wal 90672
/home/andrei/StorageGenie/data/db/storagegenie.db-shm 32768
--- ALEMBIC CURRENT (live DB, host sqlite3 read-only) ---
20260923_sg100_enrich_snapshot
--- TABLE COUNT ---
25
--- TABLE COUNTS (all tables, read-only) ---
alembic_version=1
assertion=28
asset=6
asset_evidence=12
asset_fts=6
asset_fts_config=1
asset_fts_data=8
asset_fts_docsize=6
asset_fts_idx=6
audit_event=68
candidate=7
enrich_snapshot=2
evidence=13
guardrail_event=2
household=1
idempotency_key=9
job=8
job_step=56
observation=16
planning_suggestion=0
provider_call=17
review_task=6
saved_search=0
source_attribution=0
user=2
--- HEALTH EXACT (loopback) ---
{"status":"ok","db":"ok","storage":"ok"}--- GATE http :80 (Host storagegenie.dynv6.net) ---
code=301 redirect=https://storagegenie.dynv6.net/
--- GATE https :443 (Host+SNI storagegenie.dynv6.net) ---
code=401 redirect=
--- DB BYTES AFTER READS (must equal before) ---
/home/andrei/StorageGenie/data/db/storagegenie.db 528384
/home/andrei/StorageGenie/data/db/storagegenie.db-wal 90672
/home/andrei/StorageGenie/data/db/storagegenie.db-shm 32768
===== END G1 BEFORE =====

################## G2 BUILD (raw) ##################
=== BUILD CONTEXT PROOF (SG-105 frontend hunks present in tree at build) 2026-09-23T19:36:28Z ===
grep -c 'page-container' frontend/src/components/shell/PageContainer.tsx -> 3
-rw-r--r-- 1 andrei andrei 9549 Sep 23 19:17 frontend/src/components/AssetForm.tsx
-rw-r--r-- 1 andrei andrei 1767 Sep 23 19:17 frontend/src/components/JobCard.tsx
-rw-r--r-- 1 andrei andrei 7203 Sep 23 19:18 frontend/src/components/catalog/ProductCard.tsx
-rw-r--r-- 1 andrei andrei 2486 Sep 23 19:16 frontend/src/components/shell/AppShell.tsx
-rw-r--r-- 1 andrei andrei 1265 Sep 23 19:16 frontend/src/components/shell/PageContainer.tsx
-rw-rw-r-- 1 andrei andrei 2088 Sep 23 19:17 frontend/src/routes/CapturePage.tsx
-rw-r--r-- 1 andrei andrei 9677 Sep 23 19:18 frontend/src/routes/CatalogPage.tsx
-rw-r--r-- 1 andrei andrei 6587 Sep 23 19:17 frontend/src/routes/InboxPage.tsx
=== BUILD ATTEMPT 1 (default BUILDX_CONFIG) ===
 Image storagegenie-backend Building
failed to update builder last activity time: open /home/andrei/.docker/buildx/activity/.tmp-default2224057747: read-only file system
attempt1_exit=1
attempt1_elapsed=1s
=== BUILD ATTEMPT 2 (BUILDX_CONFIG relocated to /tmp/sg106/buildx) 2026-09-23T19:36:32Z ===
#13 7.096 npm notice
#13 DONE 7.1s
#14 [stage-1 2/9] WORKDIR /app
#14 CACHED
#15 [stage-1 3/9] RUN apt-get update && apt-get install -y --no-install-recommends curl tesseract-ocr libzbar0 && rm -rf /var/lib/apt/lists/*
#15 CACHED
#16 [stage-1 4/9] COPY backend/pyproject.toml backend/requirements.lock ./
#16 CACHED
#17 [stage-1 5/9] RUN pip install --no-cache-dir -r requirements.lock
#17 CACHED
#18 [stage-1 6/9] COPY backend/ ./
#18 CACHED
#19 [stage-1 7/9] RUN pip install --no-cache-dir "hatchling==1.32.0" "editables==0.6"
#19 CACHED
#20 [stage-1 8/9] RUN pip install --no-cache-dir --no-build-isolation --no-deps -e .
#20 CACHED
#21 [stage-1 9/9] COPY --from=frontend-build /ui/dist ./static
#21 DONE 0.0s
#22 exporting to image
#22 exporting layers 0.0s done
#22 exporting manifest sha256:d6d965ea5863281716d16fd3c722165526a4047f64b4e45e3cf2d81c6bcc8ea5 done
#22 exporting config sha256:40059cac9d4a5efeda759b1cfc7723be2e652b30d56606d6682919b40d5df41d done
#22 exporting attestation manifest sha256:a6a064bc361d39ea7fe50019d354c933264d3ab1b09262a14dcf8e40b96649aa done
#22 exporting manifest list sha256:18906a7c2594b99121ce1cfc25fd2f4f83b07bfc7f5ba103f3c46e17fd5a28c4 done
#22 naming to docker.io/library/storagegenie-backend:latest done
#22 unpacking to docker.io/library/storagegenie-backend:latest done
#22 DONE 0.1s
#23 resolving provenance for metadata file
#23 DONE 0.0s
 Image storagegenie-backend Built
attempt2_exit=0
attempt2_elapsed=11s
=== NEW IMAGE (attempt 2) ===
image_id=sha256:18906a7c2594b99121ce1cfc25fd2f4f83b07bfc7f5ba103f3c46e17fd5a28c4 created=2026-09-23T19:36:42.876546404Z
storagegenie-backend latest 18906a7c2594 826MB 1 second ago
storagegenie-frontend latest cbd3cbb8291b 579MB 12 days ago
=== BUILD ATTEMPT 3 (log-capture re-invocation, --progress=plain; cache-hit) 2026-09-23T19:37:06Z ===
image_before_relog=sha256:18906a7c2594b99121ce1cfc25fd2f4f83b07bfc7f5ba103f3c46e17fd5a28c4
build_exit=0
image_after_relog=sha256:dc6a4382c99d247ef51dc7f3742c52cf195d3d563adccb5fbc690a8c158086cb
=== full plain-progress build log (all layers CACHED; same config digest as attempt 2) ===
--progress is a global compose flag, better use `docker compose --progress xx build ...
 Image storagegenie-backend Building 
#1 [internal] load local bake definitions
#1 reading from stdin 607B done
#1 DONE 0.0s

#2 [internal] load build definition from Dockerfile
#2 transferring dockerfile: 1.06kB done
#2 DONE 0.0s

#3 [internal] load metadata for docker.io/library/python:3.12.11-slim-bookworm@sha256:519591d6871b7bc437060736b9f7456b8731f1499a57e22e6c285135ae657bf7
#3 DONE 0.0s

#4 [internal] load metadata for docker.io/library/node:20-alpine
#4 DONE 0.5s

#5 [internal] load .dockerignore
#5 transferring context: 497B done
#5 DONE 0.0s

#6 [stage-1 1/9] FROM docker.io/library/python:3.12.11-slim-bookworm@sha256:519591d6871b7bc437060736b9f7456b8731f1499a57e22e6c285135ae657bf7
#6 resolve docker.io/library/python:3.12.11-slim-bookworm@sha256:519591d6871b7bc437060736b9f7456b8731f1499a57e22e6c285135ae657bf7 0.0s done
#6 DONE 0.0s

#7 [frontend-build 1/6] FROM docker.io/library/node:20-alpine@sha256:fb4cd12c85ee03686f6af5362a0b0d56d50c58a04632e6c0fb8363f609372293
#7 resolve docker.io/library/node:20-alpine@sha256:fb4cd12c85ee03686f6af5362a0b0d56d50c58a04632e6c0fb8363f609372293 0.0s done
#7 DONE 0.0s

#8 [internal] load build context
#8 transferring context: 402.39kB 0.2s done
#8 DONE 0.2s

#9 [stage-1 6/9] COPY backend/ ./
#9 CACHED

#10 [stage-1 5/9] RUN pip install --no-cache-dir -r requirements.lock
#10 CACHED

#11 [frontend-build 2/6] WORKDIR /ui
#11 CACHED

#12 [frontend-build 6/6] RUN npm run build
#12 CACHED

#13 [frontend-build 3/6] COPY frontend/package.json frontend/package-lock.json ./
#13 CACHED

#14 [stage-1 2/9] WORKDIR /app
#14 CACHED

#15 [stage-1 3/9] RUN apt-get update && apt-get install -y --no-install-recommends curl tesseract-ocr libzbar0 && rm -rf /var/lib/apt/lists/*
#15 CACHED

#16 [stage-1 8/9] RUN pip install --no-cache-dir --no-build-isolation --no-deps -e .
#16 CACHED

#17 [frontend-build 4/6] RUN npm ci
#17 CACHED

#18 [stage-1 4/9] COPY backend/pyproject.toml backend/requirements.lock ./
#18 CACHED

#19 [stage-1 7/9] RUN pip install --no-cache-dir "hatchling==1.32.0" "editables==0.6"
#19 CACHED

#20 [frontend-build 5/6] COPY frontend/ ./
#20 CACHED

#21 [stage-1 9/9] COPY --from=frontend-build /ui/dist ./static
#21 CACHED

#22 exporting to image
#22 exporting layers done
#22 exporting manifest sha256:d6d965ea5863281716d16fd3c722165526a4047f64b4e45e3cf2d81c6bcc8ea5 done
#22 exporting config sha256:40059cac9d4a5efeda759b1cfc7723be2e652b30d56606d6682919b40d5df41d done
#22 exporting attestation manifest sha256:26409fe88830621eb5e404fd3a5833f14b4e31cc20e56f3599b43eec6342aafb done
#22 exporting manifest list sha256:dc6a4382c99d247ef51dc7f3742c52cf195d3d563adccb5fbc690a8c158086cb
#22 exporting manifest list sha256:dc6a4382c99d247ef51dc7f3742c52cf195d3d563adccb5fbc690a8c158086cb done
#22 naming to docker.io/library/storagegenie-backend:latest done
#22 unpacking to docker.io/library/storagegenie-backend:latest done
#22 DONE 0.0s

#23 resolving provenance for metadata file
#23 DONE 0.0s
 Image storagegenie-backend Built 

################## G2 RECREATE (raw; exactly ONE up -d --no-deps backend) ##################
===== G2 RECREATE (exactly ONE up -d --no-deps backend) 2026-09-23T19:37:29Z =====
--- before: docker ps ---
40bcc32160be a76f14559265 storagegenie-backend-1 Up About an hour (healthy) 127.0.0.1:8003->8000/tcp
before_container=40bcc32160be6f0c4cf43a09fd7992c9ae58eccd0f91a5dbb1f82de588aedce8 image=sha256:a76f145592656da45d5fa3bab7efffd1d89cf42565f1236d65f2d1898b4c12e6 RestartCount=0
 Container storagegenie-backend-1 Recreate
 Container storagegenie-backend-1 Recreated
 Container storagegenie-backend-1 Starting
 Container storagegenie-backend-1 Started
up_exit=0
recreate_cmd_elapsed=1s
--- wait for health (up to 60s) ---
t=2s health=starting
t=4s health=starting
t=6s health=starting
t=8s health=starting
t=10s health=starting
t=12s health=healthy
--- after: docker ps ---
f2ca0be90eb0 storagegenie-backend storagegenie-backend-1 Up 12 seconds (healthy) 127.0.0.1:8003->8000/tcp
after_container=f2ca0be90eb0f982af332d3199b2cd7d0f333f248ca685a21f98425003f5a070 image=sha256:dc6a4382c99d247ef51dc7f3742c52cf195d3d563adccb5fbc690a8c158086cb RestartCount=0 Started=2026-09-23T19:37:30.381530703Z Health=healthy Ports={"8000/tcp":[{"HostIp":"127.0.0.1","HostPort":"8003"}]}
total_recreate_elapsed=13s
===== G3 AFTER CAPTURE 2026-09-23T19:38:06Z =====
--- docker ps ---
f2ca0be90eb0 storagegenie-backend storagegenie-backend-1 Up 36 seconds (healthy) 127.0.0.1:8003->8000/tcp
--- docker images (storagegenie) ---
storagegenie-backend latest dc6a4382c99d 826MB About a minute ago
storagegenie-frontend latest cbd3cbb8291b 579MB 12 days ago
--- inspect fresh container ---
container_id=f2ca0be90eb0f982af332d3199b2cd7d0f333f248ca685a21f98425003f5a070 image=sha256:dc6a4382c99d247ef51dc7f3742c52cf195d3d563adccb5fbc690a8c158086cb RestartCount=0 Started=2026-09-23T19:37:30.381530703Z Health=healthy Ports={"8000/tcp":[{"HostIp":"127.0.0.1","HostPort":"8003"}]}
--- image inspect ---

--- SERVED index.html (loopback through fresh container) ---
<!DOCTYPE html>
<html lang="en">
  <head>
    <meta charset="UTF-8" />
    <meta name="viewport" content="width=device-width, initial-scale=1.0" />
    <title>StorageGenie</title>
    <script>
      (function () {
        try {
          var stored = localStorage.getItem("sg-theme");
          var dark =
            stored === "dark" ||
            ((stored === null || stored === "system") &&
              window.matchMedia("(prefers-color-scheme: dark)").matches);
          document.documentElement.classList.toggle("dark", dark);
          document.documentElement.classList.toggle("light", !dark);
        } catch (error) {
          document.documentElement.classList.add("light");
        }
      })();
    </script>
    <script type="module" crossorigin src="/assets/index-DlD86cZ6.js"></script>
    <link rel="stylesheet" crossorigin href="/assets/index-CoNI-1Zn.css">
  </head>
  <body>
    <div id="root"></div>
  </body>
</html>
JS_NAME=assets/index-DlD86cZ6.js CSS_NAME=assets/index-CoNI-1Zn.css
--- SERVED BUNDLE fetched over loopback (what the consumer runs) ---
307014 /tmp/sg106_after.js
  3839 /tmp/sg106_after.css
310853 total
6e0a3af711f3dc822721deb53dde2d2f7775bab3d259dd0cb966a3af413af7c1  /tmp/sg106_after.js
b18dbb336eef5c580bf0a2e6726d647c4f6c63edbc48373580d31e4508659ad3  /tmp/sg106_after.css
--- IN-IMAGE asset list + sha256 ---
total 304
-rw-r--r-- 1 root root   3839 Sep 23 19:36 index-CoNI-1Zn.css
-rw-r--r-- 1 root root 307014 Sep 23 19:36 index-DlD86cZ6.js
b18dbb336eef5c580bf0a2e6726d647c4f6c63edbc48373580d31e4508659ad3  /app/static/assets/index-CoNI-1Zn.css
6e0a3af711f3dc822721deb53dde2d2f7775bab3d259dd0cb966a3af413af7c1  /app/static/assets/index-DlD86cZ6.js
--- SG-105 MARKER GREP: packet-named markers (raw, in served AFTER JS) ---
marker=[page-container] occurrences_in_after_js=1
marker=[THEMED_CONTROL_CLASS] occurrences_in_after_js=0
marker=[Uncategorized (] occurrences_in_after_js=0
--- SG-105-specific surviving-literal markers (raw) ---
marker=[page-container--form] occurrences_in_after_js=1
marker=[form-container] occurrences_in_after_js=1
marker=[Uncategorized] occurrences_in_after_js=1
marker=[focus-ring] occurrences_in_after_js=2
marker=[bg-background text-foreground border-border focus-ring] occurrences_in_after_js=1
--- same markers in OLD (before) JS for delta ---
OLD_marker=[page-container] occurrences_in_before_js=0
OLD_marker=[THEMED_CONTROL_CLASS] occurrences_in_before_js=0
OLD_marker=[Uncategorized (] occurrences_in_before_js=0
OLD_marker=[page-container--form] occurrences_in_before_js=0
OLD_marker=[form-container] occurrences_in_before_js=0
OLD_marker=[Uncategorized] occurrences_in_before_js=1
OLD_marker=[focus-ring] occurrences_in_before_js=2
--- HEALTH EXACT (fresh container, loopback) ---
{"status":"ok","db":"ok","storage":"ok"}
--- CATALOG-LIST SHAPE PROBE (GET /v1/assets, read-only, existing route) ---
http_code=200
top_keys= ['items', 'next_cursor']
item_count= 2
item_keys= ['asset_type', 'condition', 'created_at', 'display_name', 'evidence_ids', 'household_id', 'id', 'quantity', 'status', 'unit', 'version']
first_item= {"id": "01a0c4ab-3765-7e10-8d0a-705390c6560d", "display_name": "Costiță de porc", "asset_type": "meat", "status": "ACTIVE"}
next_cursor_present= True
--- ALEMBIC CURRENT (live DB, host sqlite3 read-only) ---
20260923_sg100_enrich_snapshot
--- TABLE COUNT ---
25
--- TABLE COUNTS (all tables, read-only) ---
alembic_version=1
assertion=28
asset=6
asset_evidence=12
asset_fts=6
asset_fts_config=1
asset_fts_data=8
asset_fts_docsize=6
asset_fts_idx=6
audit_event=68
candidate=7
enrich_snapshot=2
evidence=13
guardrail_event=2
household=1
idempotency_key=9
job=8
job_step=56
observation=16
planning_suggestion=0
provider_call=17
review_task=6
saved_search=0
source_attribution=0
user=2
--- DB BYTES (host file) ---
/home/andrei/StorageGenie/data/db/storagegenie.db 552960
/home/andrei/StorageGenie/data/db/storagegenie.db-wal 0
/home/andrei/StorageGenie/data/db/storagegenie.db-shm 32768
--- GATE http :80 (Host storagegenie.dynv6.net) ---
code=301 redirect=https://storagegenie.dynv6.net/
--- GATE https :443 (Host+SNI storagegenie.dynv6.net) ---
code=401 redirect=
===== END G3 AFTER =====

################## FINAL CHECKS (raw) ##################
=== DB file mtimes (checkpoint evidence) ===
data/db/storagegenie.db 552960 mtime=2026-09-23 19:37:30.093003233 +0000
data/db/storagegenie.db-wal 0 mtime=2026-09-23 19:37:40.677944001 +0000
data/db/storagegenie.db-shm 32768 mtime=2026-09-23 19:37:40.677944001 +0000
=== full themed-control value string in OLD bundle ===
OLD full_value=1
OLD focus-ring=2
OLD page-container--form=0 form-container=0
=== image hygiene ===
storagegenie-backend:latest dc6a4382c99d About a minute ago
storagegenie-frontend:latest cbd3cbb8291b 12 days ago
(dangling images: none)
=== worktree clean? ===
(empty porcelain)
=== live clock ===
2026-09-23T19:38:32Z
=== journal mode / page geometry (live DB, read-only) ===
wal
135
4096
=== startup / lifespan / create_all / seed in backend ===
(no matches in main.py / db.py / database.py -> no startup DB write path)
