SG-142 — cap-join verification log (raw captures)

Contract echo: `0.40.0` — source path `/home/andrei/storagegenie-contract/VERSION`
(HEAD `f26dbd32e3c4bd7cf878333fba719a6ca1d10c3c "Contract payload 0.40.0"`,
RULES.md sha256 `5b65629377bbac9e40bfa7e2f4d4e42a5667b3a08ec786beb47c6a677d9ac33c`).
Recorded == published (D4 adoption, AGENTS.md rule-set 0.40.0).

BASE (`origin/automation` requested; resolved at start): `2ae85918b3dc2d48c3db60d6317d45d53949a5cf`
== local HEAD at start. BASE-ref-requested and resolved-commit are two fields.

Live clock at capture: 2026-09-29T09:28:18Z.

================================================================================
G0 — FAIL-PRE on unmodified BASE reader (`git stash push -- reader.py`)
================================================================================
$ cd backend && venv/bin/python -m pytest tests/test_sg142_cap_join.py -q
(reader.py at BASE; test_sg142_cap_join.py present)
--- raw tail ---
        assert _joined_only_spend(ledger, household_id) == pytest.approx(JOINED_COST)
>       assert reader_mod._recorded_spend(ledger, household_id) == pytest.approx(DECIDED_TOTAL)
E       assert 0.0067 == 0.0104 ± 1.0e-08
E         comparison failed
...
>       assert reader_mod._recorded_spend(ledger, household_id) == pytest.approx(0.75)
E       assert 0.5 == 0.75 ± 7.5e-07
...
>       assert reader_mod._recorded_spend(ledger, household_a) == pytest.approx(
E       assert 0.5 == 0.5037 ± 5.0e-07
FAILED tests/test_sg142_cap_join.py::test_null_job_rows_count_toward_the_month
FAILED tests/test_sg142_cap_join.py::test_null_job_pool_is_boxed_to_the_current_month
FAILED tests/test_sg142_cap_join.py::test_unattributed_pool_is_shared_across_households
3 failed, 1 passed in 0.72s
--- end raw ---
The G0 seed (one joined row 0.006700 + one `None`-job row 0.003700) reads
0.0067 on BASE — the `None`-job row is invisible (premise CONFIRMED, not falsified).
The no-change case (`test_no_change_when_month_has_no_null_job_rows`) already
passes on BASE, as designed.

================================================================================
G1 — FAIL-POST (reader.py fixed in the candidate tree)
================================================================================
$ cd backend && venv/bin/python -m pytest tests/test_sg142_cap_join.py -q
....                                                                     [100%]
4 passed in 0.70s

$ venv/bin/python -m pytest tests/test_sg142_cap_join.py tests/test_sg132_jina_ledger_wiring.py tests/test_sg125_ledger_retention.py -q
................                                                         [100%]
16 passed, 2 warnings in 2.04s
(test_sg132_jina_ledger_wiring.py and test_sg125_ledger_retention.py are
BYTE-UNCHANGED and green — the no-change proof for their `None`-job-free worlds.)

================================================================================
G1 — full backend suite
================================================================================
$ cd backend && venv/bin/python -m pytest -q
FAILED tests/test_signals.py::test_generated_codes_are_validated_and_bad_checksum_is_not_an_identifier
FAILED tests/test_signals.py::test_ocr_has_text_boxes_and_mean_confidence
2 failed, 632 passed, 32 warnings in 34.27s

--- base-proof of the 2 reds (reader.py stashed to BASE, same two tests) ---
$ venv/bin/python -m pytest -q \
    tests/test_privacy_audit.py::test_g0_redact_call_sites_are_reader_and_direct_adapter \
    tests/test_signals.py::test_generated_codes_are_validated_and_bad_checksum_is_not_an_identifier \
    tests/test_signals.py::test_ocr_has_text_boxes_and_mean_confidence
WARNING app.services.signals:signals.py:104 Barcode extraction unavailable: pyzbar/libzbar is not installed
WARNING app.services.signals:signals.py:215 OCR extraction unavailable: tesseract is not installed or it's not in your PATH.
2 failed, 1 passed in 0.72s
--- both reds reproduce on bare BASE: environment reds (pyzbar/libzbar +
tesseract absent on this host), NOT caused by SG-142. ---

FINDING (line-pin shift, fixed): `test_privacy_audit.py::test_g0_redact_call_sites_are_reader_and_direct_adapter`
pins `services/providers/reader.py:465` via M45's documented line-tracker. The
SG-142 spend-reader hunk (docstring + pool query) adds 18 lines ABOVE the
`redact_image(` call site, so the pinned line moved 465 -> 483. The caller SET is
unchanged (still exactly `opencode_go.py:310` + `reader.py:483`). Updated the one
pin and the docstring's shift history; precedent SG-101/SG-125 (same pin, same
M45 convention).

================================================================================
G1 — ruff (candidate)
================================================================================
$ venv/bin/python -m ruff check .
All checks passed!

================================================================================
G1 — mypy delta (candidate vs BASE)
================================================================================
$ venv/bin/python -m mypy app            # candidate
Found 41 errors in 9 files (checked 90 source files)
$ venv/bin/python -m mypy app            # reader.py stashed to BASE
Found 41 errors in 9 files (checked 90 source files)
mypy delta = 0 errors; `reader.py` appears in NO error line. The 41 are
pre-existing in other modules (assets.py/main.py/etc.), not introduced here.

================================================================================
G1 — secret gate (CO-100) / privacy audit
================================================================================
$ venv/bin/python -m pytest -q tests/test_privacy_audit.py
...........                                                              [100%]
11 passed in 0.82s
(`test_g2_payload_builders_accept_no_key_and_emit_no_secret` is the CO-100 gate;
the SG-142 fixtures build rows with scripted provider names only — no key, no
secret, no environment dump. Nothing secret is copied into any fixture.)

================================================================================
G2 — SERVE: BEFORE capture (old container, read-only), then rebuild + ONE recreate
================================================================================
BEFORE container id : 2e623765ce226dc779defcdc67b05820f33ecee5e81d6ac4162e08df5d1057fa
BEFORE image id     : sha256:995b20df6b705c82bfe5c21c745a7a10d61d0aa8e59b1b7a54c5862ef796a43a
BEFORE served figure: `_recorded_spend(household)` = 0.0072005
  (the running container's own module against the live DB, read-only; the served
   read path is `monthly_cap_refusal` -> `_recorded_spend` on the enrich route and
   `run_ai_extraction`'s refusal; neither exposes a raw figure endpoint, so the
   live figure is read by executing the served module inside the container.)

BUILD (EROFS sandbox workaround used by SG-132, same command):
$ BUILDX_CONFIG=/tmp/opencode/buildx docker compose build backend
 Image storagegenie-backend Built          (BUILD_EXIT=0)
  (plain `docker compose build` first failed: "failed to update builder last
   activity time: ... /home/andrei/.docker/buildx/activity/.tmp-... read-only
   file system" — the documented EROFS sandbox; BUILDX_CONFIG redirect is the
   established writable path.)

RECREATE — exactly ONE:
$ docker compose up -d --no-deps backend
 Container storagegenie-backend-1 Recreate
 Container storagegenie-backend-1 Recreated
 Container storagegenie-backend-1 Starting
 Container storagegenie-backend-1 Started
AFTER container id  : 229da27dfa7bfccff138ea8013d12379fea40c17a65df12bfbc59b8225578d44
  (container-id CHANGE is the proof: 2e623765... -> 229da27d...)
AFTER image id      : sha256:5f5b3ac38f9494ff1de020ce8d11233750e6b7f5eedd5a3b9a7608a16114acb9

=== HEALTH x6 2026-09-29T09:30:13Z ===
health_1 {"status":"ok","db":"ok","storage":"ok"} HTTP_CODE=200
health_2 {"status":"ok","db":"ok","storage":"ok"} HTTP_CODE=200
health_3 {"status":"ok","db":"ok","storage":"ok"} HTTP_CODE=200
health_4 {"status":"ok","db":"ok","storage":"ok"} HTTP_CODE=200
health_5 {"status":"ok","db":"ok","storage":"ok"} HTTP_CODE=200
health_6 {"status":"ok","db":"ok","storage":"ok"} HTTP_CODE=200

=== GATE 2026-09-29T09:30:13Z ===
http:80  Host=storagegenie.dynv6.net => code=301 redirect=https://storagegenie.dynv6.net/
https:443 Host=storagegenie.dynv6.net => code=401 redirect=

=== AFTER served figure ===
AFTER `_recorded_spend(household)` = 0.01086845
DELTA = AFTER - BEFORE = 0.01086845 - 0.0072005 = +0.00366795
  = exactly the 9 `None`-job rows' month sum (0.0036679499999999997), which the
    pre-fix reader could not see. Expected movement, and the ONLY movement: the
    single live household owns those `None`-job rows.

=== alembic head + table counts (BEFORE -> AFTER) ===
alembic: 20260924_sg114_relation -> 20260924_sg114_relation   (unmoved)
provider_call 18 -> 18   (delta 0)
job           9  -> 9    (delta 0)
household     1  -> 1    (delta 0)
enrich_snapshot 4 -> 4   (delta 0)
candidate     8  -> 8    (delta 0)
asset         6  -> 6    (delta 0)
This slice created NO live rows (`PG-EV-06`/`PG-PR-10`): counts are delta-zero.
