SG-100 verify log — raw outputs (offline, $0)
First token: SG-100
Contract echo: 0.33.0 — recorded STATE.md:4 + AGENTS.md:4. Published-side re-hash UNEXECUTED:
  `.rules-cache/` absent on this host and `origin` carries no `contract*` ref (F-SG100-3).
BASE: 4504d454d654f629861b25b6966dcd602c6eba26
WORK_HEAD: f5b460314c69c8ed6db64a5ad619c66c17612f70
All commands run from /home/andrei/StorageGenie/backend with venv/bin/python unless noted.

===============================================================================
R-RECON — migration chains from the live head (ScriptDirectory, no DB connect)
===============================================================================
$ venv/bin/python -c "from alembic.script import ScriptDirectory; s=ScriptDirectory('alembic'); ..."
current head: 20260923_sg100_enrich_snapshot
mine down_revision: 20260917_sg068_saved_search
walk (newest 3): ['20260923_sg100_enrich_snapshot', '20260917_sg068_saved_search', '20260916_sg048_name_optional']

===============================================================================
R-FAILPRE — new test file before the implementation exists (collection error)
===============================================================================
$ venv/bin/python -m pytest tests/test_sg100_snapshot_persistence.py -q
==================================== ERRORS ====================================
__________ ERROR collecting tests/test_sg100_snapshot_persistence.py ___________
ImportError while importing test module '/home/andrei/StorageGenie/backend/tests/test_sg100_snapshot_persistence.py'.
Hint: make sure your test modules/packages have valid Python names.
Traceback:
/usr/lib/python3.12/importlib/__init__.py:90: in import_module
    return _bootstrap._gcd_import(name[level:], package, level)
           ^^^^^^^^^^^^^^^^^^^^^^^^^^^^^^^^^^^^^^^^^^^^^^^^^^^^
tests/test_sg100_snapshot_persistence.py:26: in <module>
    from app.models.enrich_snapshot import EnrichSnapshot
E   ModuleNotFoundError: No module named 'app.models.enrich_snapshot'
=========================== short test summary info ============================
ERROR tests/test_sg100_snapshot_persistence.py
!!!!!!!!!!!!!!!!!!!! Interrupted: 1 error during collection !!!!!!!!!!!!!!!!!!!!
1 error in 0.41s
EXIT=2

===============================================================================
R-PASSPOST — same file after the implementation
===============================================================================
$ venv/bin/python -m pytest tests/test_sg100_snapshot_persistence.py -q
............                                                             [100%]
12 passed, 3 warnings in 0.96s
EXIT=0

===============================================================================
R-SUITE — full suite
===============================================================================
$ venv/bin/python -m pytest -q
........................................................................ [ 14%]
........................................................................ [ 28%]
........................................................................ [ 43%]
........................................................................ [ 57%]
........................................................................ [ 72%]
........................................................................ [ 86%]
.............................................................FF.....     [100%]
=========================== short test summary info ============================
FAILED tests/test_signals.py::test_generated_codes_are_validated_and_bad_checksum_is_not_an_identifier
FAILED tests/test_signals.py::test_ocr_has_text_boxes_and_mean_confidence - a...
2 failed, 498 passed, 26 warnings in 23.97s
SUITE_EXIT=1  (the 2 reds are the known decoder env reds; stash-proved below)

===============================================================================
R-M45-FAILPRE — privacy-audit name-scan BEFORE the allowlist edit (seen to fail)
===============================================================================
$ venv/bin/python -m pytest tests/test_privacy_audit.py::test_g2_web_senders_are_the_two_researched_sources -q
F                                                                        [100%]
...
E       AssertionError: {'api/v1/enrich.py', 'config.py', 'models/enrich_snapshot.py', 'services/candidates.py', 'services/enrich/jina.py', 'services/enrich/snapshots.py', ...}
E         Extra items in the left set:
E         'services/enrich/snapshots.py'
E         'models/enrich_snapshot.py'
tests/test_privacy_audit.py:483: AssertionError
FAILED tests/test_privacy_audit.py::test_g2_web_senders_are_the_two_researched_sources
1 failed in 0.35s
EXIT=1

===============================================================================
R-M45-PASS — after the minimal allowlist + docstring edit
===============================================================================
$ venv/bin/python -m pytest tests/test_privacy_audit.py::test_g2_web_senders_are_the_two_researched_sources tests/test_sg100_snapshot_persistence.py -q
13 passed, 3 warnings in 1.34s
EXIT=0

===============================================================================
R-STASHPROOF — the 2 suite reds also fail at clean HEAD (stash -u, then pop)
===============================================================================
$ git stash push -u -m sg100-stashproof
stash@{0}: sg100-stashproof
$ venv/bin/python -m pytest tests/test_signals.py::test_generated_codes_are_validated_and_bad_checksum_is_not_an_identifier tests/test_signals.py::test_ocr_has_text_boxes_and_mean_confidence -q
WARNING  app.services.signals:signals.py:215 OCR extraction unavailable: tesseract is not installed or it's not in your PATH.
FAILED tests/test_signals.py::test_generated_codes_are_validated_and_bad_checksum_is_not_an_identifier
FAILED tests/test_signals.py::test_ocr_has_text_boxes_and_mean_confidence - a...
2 failed in 0.77s
$ git stash pop
STASH POPPED

===============================================================================
R-RUFF
===============================================================================
$ venv/bin/python -m ruff check .
All checks passed!
RUFF_EXIT=0

===============================================================================
R-MYPY — delta 0
===============================================================================
$ venv/bin/python -m mypy app
Found 41 errors in 9 files (checked 84 source files)
MYPY_EXIT=1   (baseline 41/9 per SG-099; new files add 2 checked files, add 0 errors)
$ venv/bin/python -m mypy app | grep -iE "enrich|snapshot"
NONE

===============================================================================
R-SECRET — literal grep over the 7 changed files
===============================================================================
$ git diff --name-only ; git ls-files --others --exclude-standard
backend/app/models/__init__.py
backend/tests/test_privacy_audit.py
backend/alembic/versions/20260923_sg100_enrich_snapshot.py
backend/app/models/enrich_snapshot.py
backend/app/services/enrich/snapshots.py
backend/tests/fixtures/enrich/off_absent_brand.json
backend/tests/test_sg100_snapshot_persistence.py
$ grep -nE "sk-[A-Za-z0-9]{10,}|Bearer [A-Za-z0-9._-]{10,}|AKIA[0-9A-Z]{16}|(JINA|OPENCODE)_API_KEY[=:][^ ]|api[_-]?key[\"'=: ]+[A-Za-z0-9]{16,}" <the 7 files>
0 real matches

===============================================================================
R-SC11 — end-relative assertion grep over touched files
===============================================================================
$ grep -nE "get_current_head|\"head\"|'head'|HEAD_REVISION|alembic_version" <touched files>
backend/tests/test_sg100_snapshot_persistence.py:33:HEAD_REVISION = "20260923_sg100_enrich_snapshot"
backend/tests/test_sg100_snapshot_persistence.py:122:    command.upgrade(config, "head")
backend/tests/test_sg100_snapshot_persistence.py:132:    command.upgrade(config, "head")
Only my own `"head"` upgrade calls (head-relative by design) and the constant I
define. No existing end-relative assertion hardcodes the global head:
`exports.py:29 ALEMBIC_HEAD = _alembic_head()` derives it from ScriptDirectory,
and `test_export.py:114` compares against that derived value — both self-update.
`test_sg048_name_optional.py:21 HEAD_REVISION` names its own revision, not the
global head. Full suite green confirms none broke.

===============================================================================
R-RECEIPT — notes ref refs/notes/storagegenie-coder-reports
===============================================================================
$ git push origin automation
To github.com:Andovol/StorageGenie.git
   4504d45..f5b4603  automation -> automation

$ git notes --ref=refs/notes/storagegenie-coder-reports add -m "Dispatch-ID: SG-100 | Report: docs/worklogs/SG-100_report.md | Work-HEAD: f5b460314c69c8ed6db64a5ad619c66c17612f70" f5b460314c69c8ed6db64a5ad619c66c17612f70
note_exit=0

$ git push origin refs/notes/storagegenie-coder-reports
To github.com:Andovol/StorageGenie.git
   0d1baad..75a70e9  refs/notes/storagegenie-coder-reports -> refs/notes/storagegenie-coder-reports

$ git fetch origin refs/notes/storagegenie-coder-reports:refs/notes/storagegenie-coder-reports-fetched
ok fetched (1 new refs)

$ git notes --ref=refs/notes/storagegenie-coder-reports-fetched show f5b460314c69c8ed6db64a5ad619c66c17612f70
Dispatch-ID: SG-100 | Report: docs/worklogs/SG-100_report.md | Work-HEAD: f5b460314c69c8ed6db64a5ad619c66c17612f70
