# SG-158 verify — candidate tree, Fri Oct  9 14:41:53 UTC 2026
## ruff
All checks passed!
ruff_exit=0
## mypy (full, touched-file delta from this output)
Found 41 errors in 9 files (checked 92 source files)
## suite
........................................................................ [ 10%]
........................................................................ [ 21%]
........................................................................ [ 31%]
........................................................................ [ 42%]
........................................................................ [ 53%]
........................................................................ [ 63%]
........................................................................ [ 74%]
........................................................................ [ 84%]
........................................................................ [ 95%]
.......................FF.....                                           [100%]
=================================== FAILURES ===================================
___ test_generated_codes_are_validated_and_bad_checksum_is_not_an_identifier ___

isolated_db = (<sqlalchemy.orm.session.Session object at 0x701112093c50>, '01a1211d-8573-7081-be1f-b7a7c9822b7d', PosixPath('/tmp/pytest-of-andrei/pytest-8/test_generated_codes_are_valid0/storage'))

    def test_generated_codes_are_validated_and_bad_checksum_is_not_an_identifier(isolated_db) -> None:  # type: ignore[no-untyped-def]
        session, household_id, root = isolated_db
        qr_value = "https://example.test/SG-013"
        qr_image = qrcode.make(qr_value).convert("RGB")
        qr = _evidence(session, household_id, root, _png(qr_image), "qr.png", "image/png")
        ean_image, ean_value = _ean13_image("590123412345")
        ean = _evidence(session, household_id, root, _png(ean_image), "ean.png", "image/png")
        # Deliberately render a syntactically valid EAN with the wrong check digit.
        bad_value = ean_value[:-1] + ("0" if ean_value[-1] != "0" else "1")
        bad_image, _ = _ean13_image(ean_value[:-1], bad_value[-1])
        bad = _evidence(session, household_id, root, _png(bad_image), "bad.png", "image/png")
    
        qr_rows = signals.extract_observations(qr.id, session)
        ean_rows = signals.extract_observations(ean.id, session)
        bad_rows = signals.extract_observations(bad.id, session)
    
        qr_values = [json.loads(row.value_json) for row in qr_rows if row.kind == "barcode_qr"]
        ean_values = [json.loads(row.value_json) for row in ean_rows if row.kind == "barcode_qr"]
        bad_values = [json.loads(row.value_json) for row in bad_rows if row.kind == "barcode_qr"]
>       assert any(item.get("value") == qr_value and item["validated"] for item in qr_values)
E       assert False
E        +  where False = any(<generator object test_generated_codes_are_validated_and_bad_checksum_is_not_an_identifier.<locals>.<genexpr> at 0x7011120af4c0>)

tests/test_signals.py:136: AssertionError
----------------------------- Captured stderr call -----------------------------
WARNI [app.services.signals] Barcode extraction unavailable: pyzbar/libzbar is not installed
WARNI [app.services.signals] OCR extraction unavailable: tesseract is not installed or it's not in your PATH. See README file for more information.
WARNI [app.services.signals] Barcode extraction unavailable: pyzbar/libzbar is not installed
WARNI [app.services.signals] OCR extraction unavailable: tesseract is not installed or it's not in your PATH. See README file for more information.
WARNI [app.services.signals] Barcode extraction unavailable: pyzbar/libzbar is not installed
WARNI [app.services.signals] OCR extraction unavailable: tesseract is not installed or it's not in your PATH. See README file for more information.
------------------------------ Captured log call -------------------------------
WARNING  app.services.signals:signals.py:104 Barcode extraction unavailable: pyzbar/libzbar is not installed
WARNING  app.services.signals:signals.py:215 OCR extraction unavailable: tesseract is not installed or it's not in your PATH. See README file for more information.
WARNING  app.services.signals:signals.py:104 Barcode extraction unavailable: pyzbar/libzbar is not installed
WARNING  app.services.signals:signals.py:215 OCR extraction unavailable: tesseract is not installed or it's not in your PATH. See README file for more information.
WARNING  app.services.signals:signals.py:104 Barcode extraction unavailable: pyzbar/libzbar is not installed
WARNING  app.services.signals:signals.py:215 OCR extraction unavailable: tesseract is not installed or it's not in your PATH. See README file for more information.
_________________ test_ocr_has_text_boxes_and_mean_confidence __________________

isolated_db = (<sqlalchemy.orm.session.Session object at 0x7011120caa20>, '01a1211d-8611-7d61-a15c-8726998e8e8c', PosixPath('/tmp/pytest-of-andrei/pytest-8/test_ocr_has_text_boxes_and_me0/storage'))

    def test_ocr_has_text_boxes_and_mean_confidence(isolated_db) -> None:  # type: ignore[no-untyped-def]
        session, household_id, root = isolated_db
        evidence = _evidence(session, household_id, root, _png(_text_image()), "text.png", "image/png")
        rows = signals.extract_observations(evidence.id, session)
        ocr = [json.loads(row.value_json) for row in rows if row.kind == "ocr"]
>       assert ocr
E       assert []

tests/test_signals.py:148: AssertionError
----------------------------- Captured stderr call -----------------------------
WARNI [app.services.signals] Barcode extraction unavailable: pyzbar/libzbar is not installed
WARNI [app.services.signals] OCR extraction unavailable: tesseract is not installed or it's not in your PATH. See README file for more information.
------------------------------ Captured log call -------------------------------
WARNING  app.services.signals:signals.py:104 Barcode extraction unavailable: pyzbar/libzbar is not installed
WARNING  app.services.signals:signals.py:215 OCR extraction unavailable: tesseract is not installed or it's not in your PATH. See README file for more information.
=============================== warnings summary ===============================
venv/lib/python3.12/site-packages/fastapi/testclient.py:1
  /home/andrei/StorageGenie/backend/venv/lib/python3.12/site-packages/fastapi/testclient.py:1: StarletteDeprecationWarning: Using `httpx` with `starlette.testclient` is deprecated; install `httpx2` instead.
    from starlette.testclient import TestClient as TestClient  # noqa

venv/lib/python3.12/site-packages/starlette/testclient.py:53
  /home/andrei/StorageGenie/backend/venv/lib/python3.12/site-packages/starlette/testclient.py:53: DeprecationWarning: The anyio.abc.BlockingPortal alias is deprecated, use anyio.from_thread.BlockingPortal instead.
    _PortalFactoryType = Callable[[], AbstractContextManager[anyio.abc.BlockingPortal]]

tests/test_candidates.py: 3 warnings
tests/test_foundations.py: 3 warnings
tests/test_saved_searches.py: 3 warnings
tests/test_search.py: 3 warnings
tests/test_sg048_name_optional.py: 6 warnings
tests/test_sg100_snapshot_persistence.py: 3 warnings
tests/test_sg113_locations.py: 3 warnings
tests/test_sg114_relations.py: 3 warnings
tests/test_signals.py: 3 warnings
  /home/andrei/StorageGenie/backend/venv/lib/python3.12/site-packages/alembic/config.py:604: DeprecationWarning: No path_separator found in configuration; falling back to legacy splitting on spaces, commas, and colons for prepend_sys_path.  Consider adding path_separator=os to Alembic config.
    util.warn_deprecated(

-- Docs: https://docs.pytest.org/en/stable/how-to/capture-warnings.html
=========================== short test summary info ============================
FAILED tests/test_signals.py::test_generated_codes_are_validated_and_bad_checksum_is_not_an_identifier
FAILED tests/test_signals.py::test_ocr_has_text_boxes_and_mean_confidence - a...
2 failed, 676 passed, 32 warnings in 32.23s
suite_exit=1
