SG-103 verify log — raw outputs (first token SG-103)

Work dir: /home/andrei/StorageGenie
Coder: opencode | effort: high (packet dispatch head) | model: unknown (no model id sent; no process arg/provider metadata exposed one)
BASE (origin/automation resolved): d77756d95946f64c2f6202698efde359bd0e6474
Authoring date (metadata): 2026-09-23
Contract echo (verbatim): 0.33.0 (recorded STATE.md:4 + AGENTS.md:4; published /home/andrei/storagegenie-contract/VERSION)

===============================================================================
R-CONTRACT — recorded == published (G-L1 executed this time)
===============================================================================
$ cat /home/andrei/storagegenie-contract/VERSION
0.33.0
$ git -C /home/andrei/storagegenie-contract log --oneline -1
b232b84 Contract payload 0.33.0
$ sha256sum RULES.md
18de7fd7b3546bd7624b3a7b59a78bd629752816cd7fa8f1af6113d1bafc8d46  RULES.md
$ cat RULES.sha256
18de7fd7b3546bd7624b3a7b59a78bd629752816cd7fa8f1af6113d1bafc8d46 RULES.md
$ sha256sum -c RULES.sha256
RULES.md: OK
$ sed -n '4p' STATE.md
**Version:** `0.33.0` (D129 adoption 2026-09-23: checkouts `e8f8113` + `999e94c` + `b232b84` oldest-first, installed `18de7fd7…` = payload at all versions — clean) · **Branch:** `automation` (tip `6dabbcf` at close time)

===============================================================================
R-RECON — baseline (before edits) + premise checks
===============================================================================
$ git branch --show-current
automation
$ git rev-parse HEAD
d77756d95946f64c2f6202698efde359bd0e6474
$ git rev-parse origin/automation
d77756d95946f64c2f6202698efde359bd0e6474
$ git status --porcelain
(empty)

Premise checks (packet claim -> tree):
- `apply_web_fields_to_proposal` at candidates.py:435 -> CONFIRMED (def at :435).
- `merge_web_fields` at candidates.py:347 -> CONFIRMED (def at :347).
- `LABEL_VISIBLE_FIELDS` at candidates.py:36-49 -> CONFIRMED (frozenset, :36-49; no `brand`).
- merge alternate shape at candidates.py:369-377 -> CONFIRMED (field/value/source_type/source_url/retrieved_at).
- hardcoded `"web_alternates": []` at api/v1/enrich.py:173 -> DIFFERENT: it is at :185 pre-edit
  (line drift after SG-102; F-SG103-1, benign). Endpoint never called the helper -> CONFIRMED.
- `apply_web_fields_to_proposal` merges against the proposal's OWN web fields -> CONFIRMED trap
  (`existing = _asset_fields(proposal)`; for enrich the proposal fields ARE the web fields).
- frontend zero `alternates` hits -> CONFIRMED (rg over frontend/src: no matches).
- no web path emits a `brand` field -> CONFIRMED (map_off_decision_fields /
  map_jina_result_fields emit only display_name / identifier / category_proposed).
- two known decoder env reds baseline.

Baseline gates:
$ python -m pytest -q
2 failed, 508 passed, 26 warnings in 22.20s
FAILED tests/test_signals.py::test_generated_codes_are_validated_and_bad_checksum_is_not_an_identifier
FAILED tests/test_signals.py::test_ocr_has_text_boxes_and_mean_confidence
$ python -m ruff check .
All checks passed!
$ python -m mypy app
Found 41 errors in 9 files (checked 84 source files)

===============================================================================
R-FAILPRE — clean HEAD worktree + final SG-103 test file (fail)
===============================================================================
$ git worktree add -q /tmp/opencode/sg103/base HEAD
$ cp backend/tests/test_sg103_web_alternates.py /tmp/opencode/sg103/base/backend/tests/
$ (cd /tmp/opencode/sg103/base/backend && .../venv/bin/python -m pytest -q tests/test_sg103_web_alternates.py)
FFF.                                                                     [100%]
=================================== FAILURES ===================================
__________ test_conflict_keeps_label_value_and_surfaces_one_alternate __________
>       assert body["fields"]["display_name"]["value"] == LABEL_NAME
E       AssertionError: assert 'Jacobs Crona...nstant coffee' == 'Jacobs Cronat Gold'
E         - Jacobs Cronat Gold
E         + Jacobs Cronat Gold instant coffee
tests/test_sg103_web_alternates.py:175: AssertionError
_____________ test_no_conflict_fills_from_web_and_alternates_empty _____________
>       assert body["fields"]["expiry_date"]["value"] == "2030-01-01"
E       KeyError: 'expiry_date'
tests/test_sg103_web_alternates.py:225: KeyError
______________ test_brand_absent_asset_yields_no_brand_alternate _______________
>       assert all(alternate["field"] != "brand" for alternate in body["web_alternates"])
E       KeyError: 'web_alternates'
tests/test_sg103_web_alternates.py:252: KeyError
=========================== short test summary info ============================
FAILED tests/test_sg103_web_alternates.py::test_conflict_keeps_label_value_and_surfaces_one_alternate
FAILED tests/test_sg103_web_alternates.py::test_no_conflict_fills_from_web_and_alternates_empty
FAILED tests/test_sg103_web_alternates.py::test_brand_absent_asset_yields_no_brand_alternate
3 failed, 1 passed, 2 warnings in 1.05s
(worktree removed after)

===============================================================================
R-PASSPOST — working tree (pass)
===============================================================================
$ python -m pytest -q tests/test_sg103_web_alternates.py
....                                                                     [100%]
4 passed, 2 warnings in 0.95s

===============================================================================
R-TARGETED — new + existing endpoint/persistence/candidate tests together
===============================================================================
$ python -m pytest -q tests/test_sg103_web_alternates.py tests/test_sg098_enrich_endpoint.py \
    tests/test_sg102_enrich_wiring.py tests/test_sg100_snapshot_persistence.py \
    tests/test_candidate_read.py tests/test_candidates.py
34 passed, 8 warnings in 3.06s

===============================================================================
R-SUITE / R-RUFF / R-MYPY / R-STASHPROOF — post-change gates
===============================================================================
$ python -m pytest -q
2 failed, 512 passed, 26 warnings in 23.37s
FAILED tests/test_signals.py::test_generated_codes_are_validated_and_bad_checksum_is_not_an_identifier
FAILED tests/test_signals.py::test_ocr_has_text_boxes_and_mean_confidence - a...
  (the 2 known decoder env reds; 508 baseline + 4 new = 512)

$ git worktree add -q /tmp/opencode/sg103/base2 HEAD
$ (cd /tmp/opencode/sg103/base2/backend && .../venv/bin/python -m pytest -q tests/test_signals.py)
2 failed, 5 passed, 3 warnings in 1.16s
  (stash-proof of the 2 reds at clean HEAD; worktree removed after)

$ ruff check .
All checks passed!
$ mypy app
Found 41 errors in 9 files (checked 84 source files)   (delta 0 vs baseline 41)

===============================================================================
R-SECRET / R-SCOPE / R-DIFF — changed/new files
===============================================================================
$ rg -n -e 'sk-[A-Za-z0-9]' -e 'Bearer ' -e 'AKIA' -e '_API_KEY=' -e 'api_key *=' \
     backend/app/api/v1/enrich.py backend/app/api/v1/candidates.py \
     backend/tests/test_sg103_web_alternates.py
0 matches
$ rg -n 'JINA_API_KEY|OPENCODE_API_KEY' \
     backend/app/api/v1/enrich.py backend/app/api/v1/candidates.py \
     backend/tests/test_sg103_web_alternates.py
0 matches

$ git status --short
 M backend/app/api/v1/candidates.py
 M backend/app/api/v1/enrich.py
?? backend/tests/test_sg103_web_alternates.py

$ git diff --stat HEAD -- backend/app/models backend/alembic
(empty)   -> no model/migration change (PG-SC-02)

$ git diff --stat
 backend/app/api/v1/candidates.py |  4 ++++
 backend/app/api/v1/enrich.py     | 46 ++++++++++++++++++++++++++++++++++++++--
 2 files changed, 48 insertions(+), 2 deletions(-)

===============================================================================
R-SPEND — no metered call on any path
===============================================================================
All HTTP legs are scripted `httpx.MockTransport` seams; zero network sockets opened.
No key crosses a wire; no provider is invoked. REAL metered spend $0.000000.
