### ruff check .
All checks passed!
ruff_exit=0

### mypy app
app/models/base.py:8: error: Unused "type: ignore" comment  [unused-ignore]
app/services/audit_service.py:16: error: Missing type arguments for generic type "dict"  [type-arg]
app/services/audit_service.py:17: error: Missing type arguments for generic type "dict"  [type-arg]
app/schemas/asset.py:55: error: Missing type arguments for generic type "dict"  [type-arg]
app/schemas/asset.py:57: error: Missing type arguments for generic type "dict"  [type-arg]
app/services/asset_service.py:19: error: Missing type arguments for generic type "dict"  [type-arg]
app/services/asset_service.py:41: error: Missing type arguments for generic type "dict"  [type-arg]
app/services/asset_service.py:112: error: Missing type arguments for generic type "dict"  [type-arg]
app/api/v1/review_tasks.py:17: error: Function is missing a return type annotation  [no-untyped-def]
app/api/v1/review_tasks.py:21: error: Unused "type: ignore" comment  [unused-ignore]
app/api/v1/review_tasks.py:22: error: Unused "type: ignore" comment  [unused-ignore]
app/api/v1/review_tasks.py:62: error: Function is missing a return type annotation  [no-untyped-def]
app/api/v1/review_tasks.py:66: error: Unused "type: ignore" comment  [unused-ignore]
app/api/v1/review_tasks.py:67: error: Unused "type: ignore" comment  [unused-ignore]
app/api/v1/households.py:18: error: Function is missing a return type annotation  [no-untyped-def]
app/api/v1/households.py:20: error: Unused "type: ignore" comment  [unused-ignore]
app/api/v1/households.py:22: error: Unused "type: ignore" comment  [unused-ignore]
app/api/v1/households.py:58: error: Function is missing a return type annotation  [no-untyped-def]
app/api/v1/households.py:59: error: Unused "type: ignore" comment  [unused-ignore]
app/api/v1/households.py:60: error: Unused "type: ignore" comment  [unused-ignore]
app/api/v1/evidence.py:19: error: Function is missing a return type annotation  [no-untyped-def]
app/api/v1/evidence.py:20: error: Unused "type: ignore" comment  [unused-ignore]
app/api/v1/evidence.py:22: error: Unused "type: ignore" comment  [unused-ignore]
app/api/v1/evidence.py:24: error: Unused "type: ignore" comment  [unused-ignore]
app/api/v1/assets.py:71: error: Function is missing a return type annotation  [no-untyped-def]
app/api/v1/assets.py:74: error: Unused "type: ignore" comment  [unused-ignore]
app/api/v1/assets.py:76: error: Unused "type: ignore" comment  [unused-ignore]
app/api/v1/assets.py:101: error: Unused "type: ignore" comment  [unused-ignore]
app/api/v1/assets.py:101: error: Missing type arguments for generic type "dict"  [type-arg]
app/api/v1/assets.py:101: note: Error code "type-arg" not covered by "type: ignore[no-untyped-def]" comment
app/api/v1/assets.py:267: error: Function is missing a return type annotation  [no-untyped-def]
app/api/v1/assets.py:275: error: Unused "type: ignore" comment  [unused-ignore]
app/api/v1/assets.py:276: error: Unused "type: ignore" comment  [unused-ignore]
app/api/v1/assets.py:395: error: Function is missing a return type annotation  [no-untyped-def]
app/api/v1/assets.py:399: error: Unused "type: ignore" comment  [unused-ignore]
app/api/v1/assets.py:401: error: Unused "type: ignore" comment  [unused-ignore]
app/api/v1/assets.py:505: error: Function is missing a return type annotation  [no-untyped-def]
app/api/v1/assets.py:507: error: Missing type arguments for generic type "dict"  [type-arg]
app/api/v1/assets.py:509: error: Unused "type: ignore" comment  [unused-ignore]
app/api/v1/assets.py:510: error: Unused "type: ignore" comment  [unused-ignore]
app/main.py:58: error: Unused "type: ignore" comment  [unused-ignore]
app/main.py:64: error: Unused "type: ignore" comment  [unused-ignore]
Found 41 errors in 9 files (checked 92 source files)
mypy_exit=1

### full suite (pytest -q)
........................................................................ [ 10%]
........................................................................ [ 21%]
........................................................................ [ 32%]
........................................................................ [ 43%]
........................................................................ [ 54%]
........................................................................ [ 65%]
........................................................................ [ 76%]
........................................................................ [ 86%]
........................................................................ [ 97%]
........FF.....                                                          [100%]
=================================== FAILURES ===================================
___ test_generated_codes_are_validated_and_bad_checksum_is_not_an_identifier ___

isolated_db = (<sqlalchemy.orm.session.Session object at 0x78c75db83380>, '01a120eb-146a-71d0-806b-a6cb9826cdae', PosixPath('/tmp/pytest-of-andrei/pytest-3/test_generated_codes_are_valid0/storage'))

    def test_generated_codes_are_validated_and_bad_checksum_is_not_an_identifier(isolated_db) -> None:  # type: ignore[no-untyped-def]
        session, household_id, root = isolated_db
        qr_value = "https://example.test/SG-013"
        qr_image = qrcode.make(qr_value).convert("RGB")
        qr = _evidence(session, household_id, root, _png(qr_image), "qr.png", "image/png")
        ean_image, ean_value = _ean13_image("590123412345")
        ean = _evidence(session, household_id, root, _png(ean_image), "ean.png", "image/png")
        # Deliberately render a syntactically valid EAN with the wrong check digit.
        bad_value = ean_value[:-1] + ("0" if ean_value[-1] != "0" else "1")
        bad_image, _ = _ean13_image(ean_value[:-1], bad_value[-1])
        bad = _evidence(session, household_id, root, _png(bad_image), "bad.png", "image/png")
    
        qr_rows = signals.extract_observations(qr.id, session)
        ean_rows = signals.extract_observations(ean.id, session)
        bad_rows = signals.extract_observations(bad.id, session)
    
        qr_values = [json.loads(row.value_json) for row in qr_rows if row.kind == "barcode_qr"]
        ean_values = [json.loads(row.value_json) for row in ean_rows if row.kind == "barcode_qr"]
        bad_values = [json.loads(row.value_json) for row in bad_rows if row.kind == "barcode_qr"]
>       assert any(item.get("value") == qr_value and item["validated"] for item in qr_values)
E       assert False
E        +  where False = any(<generator object test_generated_codes_are_validated_and_bad_checksum_is_not_an_identifier.<locals>.<genexpr> at 0x78c766fe66c0>)

tests/test_signals.py:136: AssertionError
----------------------------- Captured stderr call -----------------------------
WARNI [app.services.signals] Barcode extraction unavailable: pyzbar/libzbar is not installed
WARNI [app.services.signals] OCR extraction unavailable: tesseract is not installed or it's not in your PATH. See README file for more information.
WARNI [app.services.signals] Barcode extraction unavailable: pyzbar/libzbar is not installed
WARNI [app.services.signals] OCR extraction unavailable: tesseract is not installed or it's not in your PATH. See README file for more information.
WARNI [app.services.signals] Barcode extraction unavailable: pyzbar/libzbar is not installed
WARNI [app.services.signals] OCR extraction unavailable: tesseract is not installed or it's not in your PATH. See README file for more information.
------------------------------ Captured log call -------------------------------
WARNING  app.services.signals:signals.py:104 Barcode extraction unavailable: pyzbar/libzbar is not installed
WARNING  app.services.signals:signals.py:215 OCR extraction unavailable: tesseract is not installed or it's not in your PATH. See README file for more information.
WARNING  app.services.signals:signals.py:104 Barcode extraction unavailable: pyzbar/libzbar is not installed
WARNING  app.services.signals:signals.py:215 OCR extraction unavailable: tesseract is not installed or it's not in your PATH. See README file for more information.
WARNING  app.services.signals:signals.py:104 Barcode extraction unavailable: pyzbar/libzbar is not installed
WARNING  app.services.signals:signals.py:215 OCR extraction unavailable: tesseract is not installed or it's not in your PATH. See README file for more information.
_________________ test_ocr_has_text_boxes_and_mean_confidence __________________

isolated_db = (<sqlalchemy.orm.session.Session object at 0x78c75e039c70>, '01a120eb-1504-7e90-9cfd-4bdf7a83b150', PosixPath('/tmp/pytest-of-andrei/pytest-3/test_ocr_has_text_boxes_and_me0/storage'))

    def test_ocr_has_text_boxes_and_mean_confidence(isolated_db) -> None:  # type: ignore[no-untyped-def]
        session, household_id, root = isolated_db
        evidence = _evidence(session, household_id, root, _png(_text_image()), "text.png", "image/png")
        rows = signals.extract_observations(evidence.id, session)
        ocr = [json.loads(row.value_json) for row in rows if row.kind == "ocr"]
>       assert ocr
E       assert []

tests/test_signals.py:148: AssertionError
----------------------------- Captured stderr call -----------------------------
WARNI [app.services.signals] Barcode extraction unavailable: pyzbar/libzbar is not installed
WARNI [app.services.signals] OCR extraction unavailable: tesseract is not installed or it's not in your PATH. See README file for more information.
------------------------------ Captured log call -------------------------------
WARNING  app.services.signals:signals.py:104 Barcode extraction unavailable: pyzbar/libzbar is not installed
WARNING  app.services.signals:signals.py:215 OCR extraction unavailable: tesseract is not installed or it's not in your PATH. See README file for more information.
=============================== warnings summary ===============================
venv/lib/python3.12/site-packages/fastapi/testclient.py:1
  /home/andrei/StorageGenie/backend/venv/lib/python3.12/site-packages/fastapi/testclient.py:1: StarletteDeprecationWarning: Using `httpx` with `starlette.testclient` is deprecated; install `httpx2` instead.
    from starlette.testclient import TestClient as TestClient  # noqa

venv/lib/python3.12/site-packages/starlette/testclient.py:53
  /home/andrei/StorageGenie/backend/venv/lib/python3.12/site-packages/starlette/testclient.py:53: DeprecationWarning: The anyio.abc.BlockingPortal alias is deprecated, use anyio.from_thread.BlockingPortal instead.
    _PortalFactoryType = Callable[[], AbstractContextManager[anyio.abc.BlockingPortal]]

tests/test_candidates.py: 3 warnings
tests/test_foundations.py: 3 warnings
tests/test_saved_searches.py: 3 warnings
tests/test_search.py: 3 warnings
tests/test_sg048_name_optional.py: 6 warnings
tests/test_sg100_snapshot_persistence.py: 3 warnings
tests/test_sg113_locations.py: 3 warnings
tests/test_sg114_relations.py: 3 warnings
tests/test_signals.py: 3 warnings
  /home/andrei/StorageGenie/backend/venv/lib/python3.12/site-packages/alembic/config.py:604: DeprecationWarning: No path_separator found in configuration; falling back to legacy splitting on spaces, commas, and colons for prepend_sys_path.  Consider adding path_separator=os to Alembic config.
    util.warn_deprecated(

-- Docs: https://docs.pytest.org/en/stable/how-to/capture-warnings.html
=========================== short test summary info ============================
FAILED tests/test_signals.py::test_generated_codes_are_validated_and_bad_checksum_is_not_an_identifier
FAILED tests/test_signals.py::test_ocr_has_text_boxes_and_mean_confidence - a...
2 failed, 661 passed, 32 warnings in 33.65s
suite_exit=1
