SG-140 coder log — close-out deploy rider (rebuild + ONE recreate + verify) — RE-RIDE
Started: 2026-09-28T19:12Z (live clock, PG-IC-07). Ended: 2026-09-28T19:15Z.
Role: Coder only. No dispatch verb run for any ID, no unit started or polled (role guard held).
Context: this is the re-dispatch of SG-140 after the first attempt was correctly BLOCKED
(commit 6494164; report in 63b37a0) because `tsc && vite build` was red at BASE (TS2739 x3 in
WebAlternates.test.tsx, landed by SG-135 PR #18). SG-141 (bb30209, rated 99) repaired it; this
rider then serves. Prior artifacts are reachable in history; the notes-ref note on 6494164 stands.

[19:12] G0 reads
  BASE (ref requested origin/automation) -> 486d0b4754c15fcdf41ba86bd7e04ef269d596cf (== HEAD, worktree clean)
  product diff origin/automation...HEAD: empty (start)
  alembic current = 20260924_sg114_relation (head)  [expected == observed; no upgrade run]
  image storagegenie-backend:latest = sha256:ca29a3dc9a07822d663e4f15044ff53ec6504fb336d0dd9885bb4ad9c1304184
  container storagegenie-backend-1 = 40a117eaff0c54f7275a419ad39d417e962aaa6b89ccc274759888d31f60039d (Up 2 days, healthy)
  health x2 = {"status":"ok","db":"ok","storage":"ok"} HTTP 200
  served entry = /assets/index-DXSEg7CT.js (sha256 f435cbc1… 318414 bytes); index.html sha256 89c1f993…
  gate: http:80 Host=storagegenie.dynv6.net -> 301 ; https:443 -> 401
  read-only counts (mode=ro): provider_call=18 job=9 enrich_snapshot=4 candidate=8 evidence=13
    guardrail_event=2 audit_event=68 asset=6 household=1

[19:13] G1 rebuild
  command: BUILDX_CONFIG=/tmp/opencode/buildx docker compose build backend
  START_BUILD=2026-09-28T19:13:25Z END_BUILD=2026-09-28T19:13:43Z BUILD_EXIT=0
  frontend `tsc && vite build` DONE; new image id sha256:995b20df6b705c82bfe5c21c745a7a10d61d0aa8e59b1b7a54c5862ef796a43a
  (the SG-141 fix is why this build is green — the same command failed 8s in on the first ride)

[19:13] G1 recreate — exactly ONE
  command: BUILDX_CONFIG=/tmp/opencode/buildx docker compose up -d --force-recreate backend
  START_REC=2026-09-28T19:13:48Z END_REC=2026-09-28T19:13:49Z REC_EXIT=0
  container id 40a117eaff0c… -> 2e623765ce22… (M42: container-id change is the proof, not RestartCount)
  no second recreate, no restart-loop, no down -v.

[19:14] G1 verify
  health x6 = {"status":"ok","db":"ok","storage":"ok"} HTTP 200 each
  alembic current after = 20260924_sg114_relation (head)  -> UNCHANGED
  gate after: http 301 / https 401
  bundle hash MOVED: f435cbc1… (318414 B) -> fc696d21… (318415 B); index.html sha256 89c1f993… -> 63731edd…
  live counts delta = 0 on all 9 tables
  smoke: GET /v1/assets -> 200 items=6 ; GET / -> 200 944 bytes

[19:15] G2 worklogs written (this file, SG-140_report.md, SG-140_verify.log); receipt below.
  product diff re-checked at end: empty (see report).

=== RECEIPT (M20-corrected block; executed output pasted verbatim) ===
WORK_HEAD = fb72d8362735617376d485ef33f40cfc50517471
$ git push origin automation
To github.com:Andovol/StorageGenie.git
   486d0b4..fb72d83  automation -> automation
$ git notes --ref=refs/notes/storagegenie-coder-reports add \
    -m "Dispatch-ID: SG-140 | Report: docs/worklogs/SG-140_report.md | Work-HEAD: fb72d8362735617376d485ef33f40cfc50517471" \
    fb72d8362735617376d485ef33f40cfc50517471
$ git push origin refs/notes/storagegenie-coder-reports
To github.com:Andovol/StorageGenie.git
   ad6afbe..4b73661  refs/notes/storagegenie-coder-reports -> refs/notes/storagegenie-coder-reports
$ git fetch origin refs/notes/storagegenie-coder-reports:refs/notes/sg140-r2-fetched
From github.com:Andovol/StorageGenie
 * [new ref]         refs/notes/storagegenie-coder-reports -> refs/notes/sg140-r2-fetched
$ git notes --ref=refs/notes/sg140-r2-fetched show fb72d8362735617376d485ef33f40cfc50517471
Dispatch-ID: SG-140 | Report: docs/worklogs/SG-140_report.md | Work-HEAD: fb72d8362735617376d485ef33f40cfc50517471
note=yes

--- dual-annotate the final tip (0f23ed8, at annotation time; SG-092 inoculation) ---
$ git notes --ref=refs/notes/storagegenie-coder-reports add \
    -m "Dispatch-ID: SG-140 | Report: docs/worklogs/SG-140_report.md | Work-HEAD: 0f23ed89224b07def77a0553515c09510a55dfd3" \
    0f23ed89224b07def77a0553515c09510a55dfd3
$ git push origin refs/notes/storagegenie-coder-reports
To github.com:Andovol/StorageGenie.git
   4b73661..04a4d12  refs/notes/storagegenie-coder-reports -> refs/notes/storagegenie-coder-reports
$ git fetch origin refs/notes/storagegenie-coder-reports:refs/notes/sg140-r2-fetched
From github.com:Andovol/StorageGenie
   4b73661..04a4d12  refs/notes/storagegenie-coder-reports -> refs/notes/sg140-r2-fetched
$ git notes --ref=refs/notes/sg140-r2-fetched show 0f23ed89224b07def77a0553515c09510a55dfd3
Dispatch-ID: SG-140 | Report: docs/worklogs/SG-140_report.md | Work-HEAD: 0f23ed89224b07def77a0553515c09510a55dfd3
$ git notes --ref=refs/notes/sg140-r2-fetched show fb72d8362735617376d485ef33f40cfc50517471
Dispatch-ID: SG-140 | Report: docs/worklogs/SG-140_report.md | Work-HEAD: fb72d8362735617376d485ef33f40cfc50517471
note=yes

=== PRIOR-ATTEMPT SUPERSESSION (PRE-1) ===
First SG-140 ride: 6494164 "BLOCKED: SG-140 close-out deploy rider — rebuild fails at BASE …",
report in 63b37a0, note on 6494164 (notes ref), rated 98. This re-ride does not delete that
history; it supersedes it in the working tree only, as the packet's re-dispatch directs.
