SG-109 worklog — Tier calibration on live dates: measure, verdict per category, change only with evidence
Work dir /home/andrei/StorageGenie · branch automation · remote git@github.com:Andovol/StorageGenie.git
Contract 0.33.0 (source /home/andrei/storagegenie-contract/VERSION = 0.33.0; HEAD b232b845d74e89cb346c60fa4b9a40ec401c42dd = "Contract payload 0.33.0"; RULES.md sha256 = 18de7fd7b3546bd7624b3a7b59a78bd629752816cd7fa8f1af6113d1bafc8d46 == payload RULES.sha256)
Model/effort from process arguments: argv = 'opencode run --auto --dir /home/andrei/StorageGenie --variant high <packet>' (no --model flag -> model is the CLI default); effort=high (from --variant high).
Spend real $ = $0.000000 (zero provider calls; no metered path exists).

BASE_REF=origin/automation BASE_RESOLVED=effd7d17461b4774ae509e64330e199f63f7f1cd (== start HEAD)

01. Recon — re-verified every packet premise: single live household, plugin status route shape, analytics summary shape, CATEGORIES window data (expiry_tracker.py:95-157), SG-107 pin test, docker compose services, live health.
02. G1 live capture (raw, read-only GETs): GET /v1/households -> 1 household 01a0a029-1477-7ca0-b200-bce78a96c679; GET /status -> rows [] unresolved [] total 0; GET /analytics/summary -> assets.total 6 active 6, categories.counts all 0, categories.uncategorized 6, expiry {expired 0, within_7_days 0, within_30_days 0, safe 0, unknown 6}. Premise (6 assets, 0 accepted-expiry rows, uncategorized 6) CONFIRMED.
03. Baseline windows read live from CATEGORIES: food 1/7/30 · medicine 1/3/14 · cosmetics 7/30/90 · household 30 · documents 30/60 · non_perishable {} — SG-107 pin test PASS quoted (2 passed).
04. Recompute query executed (jq form): {households:1, resolved_total:0, per_category:[]}.
05. Verdicts: every category 0 resolved rows -> KEEP-provisional (no evidence). NO CHANGE verdict; G2 skipped ENTIRELY (numbered skip: no measured row contradicts any window). No served code changed -> no rebuild, no recreate (D145).
06. G3 artifacts written: SG-109_calibration.md (per-category verdicts + recompute query + revisit rule >=5 resolved rows + path), SG-109.log, SG-109_report.md, SG-109_verify.log.
07. Receipt: note on WORK_HEAD, notes ref pushed and verified on a mapped fetch; final tip dual-annotated.

Actual-versus-budget per leg (units):
- Recon: ~120 s / 120 s ordinary (multi-file read; no single command exceeded 20 s)
- G1 live capture (3 GETs + window read): ~3 s / 120 s ordinary
- SG-107 pin test: 0.80 s / 600 s suite+lint
- Recompute query: ~1 s / 120 s ordinary
- docs + record writing: ~6 min / 1500 s early-close
- receipt note + push + mapped verify + dual-annotate: ~15 s / 300 s notes-push bound
- overall: ~12 min / 2100 s
- build+recreate+verify: NOT RUN (change path only; no-change path) — 0 s / 600 s (unused)

REAL metered spend: $0.000000 (zero calls).
